 tbb

 Timestamp is 5ac47ebb (Wed Apr 04 15:28:59 2018)

 Preferred load address is 10000000

 Start         Length     Name                   Class
 0001:00000000 00000074H .text$di                CODE
 0001:00000080 0002f7edH .text$mn                CODE
 0001:0002f870 00000ba7H .text$x                 CODE
 0001:00030420 00000049H .text$yd                CODE
 0002:00000000 0000015cH .idata$5                DATA
 0002:0000015c 00000004H .CRT$XCA                DATA
 0002:00000160 00000018H .CRT$XCU                DATA
 0002:00000178 00000004H .CRT$XCZ                DATA
 0002:0000017c 00000004H .CRT$XIA                DATA
 0002:00000180 00000010H .CRT$XIC                DATA
 0002:00000190 00000004H .CRT$XIZ                DATA
 0002:00000194 00000004H .CRT$XPA                DATA
 0002:00000198 00000008H .CRT$XPX                DATA
 0002:000001a0 00000004H .CRT$XPXA               DATA
 0002:000001a4 00000004H .CRT$XPZ                DATA
 0002:000001a8 00000004H .CRT$XTA                DATA
 0002:000001ac 00000004H .CRT$XTZ                DATA
 0002:000001b0 00008040H .rdata                  DATA
 0002:000081f0 00000070H .rdata$debug            DATA
 0002:00008260 00001555H .rdata$r                DATA
 0002:000097c0 00000104H .rdata$sxdata           DATA
 0002:000098c4 00000004H .rtc$IAA                DATA
 0002:000098c8 00000004H .rtc$IZZ                DATA
 0002:000098cc 00000004H .rtc$TAA                DATA
 0002:000098d0 00000004H .rtc$TZZ                DATA
 0002:000098d8 00001878H .xdata$x                DATA
 0002:0000b150 00003d3fH .edata                  DATA
 0002:0000ee90 00000014H .idata$2                DATA
 0002:0000eea4 00000014H .idata$3                DATA
 0002:0000eeb8 0000015cH .idata$4                DATA
 0002:0000f014 0000065cH .idata$6                DATA
 0003:00000000 000023e0H .data                   DATA
 0003:000023e0 00000ba1H .data$r                 DATA
 0003:00002fa0 00003468H .bss                    DATA
 0004:00000000 000000a0H .rsrc$01                DATA
 0004:000000a0 00000560H .rsrc$02                DATA

  Address         Publics by Value              Rva+Base       Lib:Object

 0000:00000000       ___guard_fids_table        00000000     <absolute>
 0000:00000000       __except_list              00000000     <absolute>
 0000:00000000       ___guard_fids_count        00000000     <absolute>
 0000:00000000       ___guard_flags             00000000     <absolute>
 0000:00000041       ___safe_se_handler_count   00000041     <absolute>
 0000:00000000       ___ImageBase               10000000     <linker-defined>
 0001:00000080       ?internal_destroy@reader_writer_lock@interface5@tbb@@AAEXXZ 10001080 f i reader_writer_lock.obj
 0001:00000080       ??3@YAXPAX0@Z              10001080 f i concurrent_hash_map.obj
 0001:00000080       ?apply_active@stack_size_control@internal@tbb@@EBEXXZ 10001080 f i tbb_main.obj
 0001:00000090       ??_G_System_error_category@std@@UAEPAXI@Z 10001090 f i concurrent_hash_map.obj
 0001:00000090       ??_E_Iostream_error_category@std@@UAEPAXI@Z 10001090 f i * CIL library *:* CIL module *
 0001:00000090       ??_Gerror_category@std@@UAEPAXI@Z 10001090 f i concurrent_hash_map.obj
 0001:00000090       ??_G_Generic_error_category@std@@UAEPAXI@Z 10001090 f i concurrent_hash_map.obj
 0001:00000090       ??_E_Generic_error_category@std@@UAEPAXI@Z 10001090 f i * CIL library *:* CIL module *
 0001:00000090       ??_Eerror_category@std@@UAEPAXI@Z 10001090 f i * CIL library *:* CIL module *
 0001:00000090       ??_G_Iostream_error_category@std@@UAEPAXI@Z 10001090 f i concurrent_hash_map.obj
 0001:00000090       ??_E_System_error_category@std@@UAEPAXI@Z 10001090 f i * CIL library *:* CIL module *
 0001:000000c0       ?default_error_condition@error_category@std@@UBE?AVerror_condition@2@H@Z 100010c0 f i concurrent_hash_map.obj
 0001:000000e0       ?equivalent@error_category@std@@UBE_NHABVerror_condition@2@@Z 100010e0 f i concurrent_hash_map.obj
 0001:00000120       ?equivalent@error_category@std@@UBE_NABVerror_code@2@H@Z 10001120 f i concurrent_hash_map.obj
 0001:00000140       ?name@_Generic_error_category@std@@UBEPBDXZ 10001140 f i concurrent_hash_map.obj
 0001:00000150       ?message@_Generic_error_category@std@@UBE?AV?$basic_string@DU?$char_traits@D@std@@V?$allocator@D@2@@2@H@Z 10001150 f i concurrent_hash_map.obj
 0001:000001c0       ?name@_Iostream_error_category@std@@UBEPBDXZ 100011c0 f i concurrent_hash_map.obj
 0001:000001d0       ?message@_Iostream_error_category@std@@UBE?AV?$basic_string@DU?$char_traits@D@std@@V?$allocator@D@2@@2@H@Z 100011d0 f i concurrent_hash_map.obj
 0001:00000220       ?name@_System_error_category@std@@UBEPBDXZ 10001220 f i concurrent_hash_map.obj
 0001:00000230       ?message@_System_error_category@std@@UBE?AV?$basic_string@DU?$char_traits@D@std@@V?$allocator@D@2@@2@H@Z 10001230 f i concurrent_hash_map.obj
 0001:000002a0       ?default_error_condition@_System_error_category@std@@UBE?AVerror_condition@2@H@Z 100012a0 f i concurrent_hash_map.obj
 0001:000002e0       ?internal_grow_predicate@hash_map_segment_base@internal@tbb@@QBE_NXZ 100012e0 f   concurrent_hash_map.obj
 0001:00000300       ?assign@?$basic_string@DU?$char_traits@D@std@@V?$allocator@D@2@@std@@QAEAAV12@ABV12@II@Z 10001300 f i concurrent_hash_map.obj
 0001:00000430       ?assign@?$basic_string@DU?$char_traits@D@std@@V?$allocator@D@2@@std@@QAEAAV12@PBDI@Z 10001430 f i concurrent_hash_map.obj
 0001:00000530       ?erase@?$basic_string@DU?$char_traits@D@std@@V?$allocator@D@2@@std@@QAEAAV12@II@Z 10001530 f i concurrent_hash_map.obj
 0001:000005d0       ?_Copy@?$basic_string@DU?$char_traits@D@std@@V?$allocator@D@2@@std@@QAEXII@Z 100015d0 f i concurrent_hash_map.obj
 0001:00000720       ?allocate@?$_Wrap_alloc@V?$allocator@D@std@@@std@@QAEPADI@Z 10001720 f i concurrent_hash_map.obj
 0001:00000750       ?__TBB_LockByte@@YAEAAE@Z  10001750 f i concurrent_queue.obj
 0001:000007a0       ??1scoped_lock@spin_mutex@tbb@@QAE@XZ 100017a0 f i concurrent_queue.obj
 0001:000007b0       ??1binary_semaphore@internal@tbb@@QAE@XZ 100017b0 f i concurrent_queue.obj
 0001:000007c0       ??1thread_context@concurrent_monitor@internal@tbb@@QAE@XZ 100017c0 f i concurrent_queue.obj
 0001:000007f0       ?commit_wait@concurrent_monitor@internal@tbb@@QAE_NAAVthread_context@123@@Z 100017f0 f i concurrent_queue.obj
 0001:00000890       ??1micro_queue_pop_finalizer@internal@tbb@@QAE@XZ 10001890 f i concurrent_queue.obj
 0001:000008e0       ?push@micro_queue@internal@tbb@@QAEXPBXIAAVconcurrent_queue_base_v3@23@W4copy_specifics@423@@Z 100018e0 f   concurrent_queue.obj
 0001:00000af0       ?pop@micro_queue@internal@tbb@@QAE_NPAXIAAVconcurrent_queue_base_v3@23@@Z 10001af0 f   concurrent_queue.obj
 0001:00000c40       ?assign@micro_queue@internal@tbb@@QAEAAU123@ABU123@AAVconcurrent_queue_base_v3@23@W4copy_specifics@423@@Z 10001c40 f   concurrent_queue.obj
 0001:00000d70       ?make_copy@micro_queue@internal@tbb@@QAEPAUpage@concurrent_queue_base_v3@23@AAV523@PBU4523@IIAAIW4copy_specifics@523@@Z 10001d70 f   concurrent_queue.obj
 0001:00000de0       ?make_invalid@micro_queue@internal@tbb@@QAEXI@Z 10001de0 f   concurrent_queue.obj
 0001:00000e30       ??0concurrent_queue_base_v3@internal@tbb@@IAE@I@Z 10001e30 f   concurrent_queue.obj
 0001:00000f60       ??_Gconcurrent_queue_base_v3@internal@tbb@@MAEPAXI@Z 10001f60 f i concurrent_queue.obj
 0001:00000f60       ??_Econcurrent_queue_base_v3@internal@tbb@@MAEPAXI@Z 10001f60 f i * CIL library *:* CIL module *
 0001:00000f90       ??1concurrent_queue_base_v3@internal@tbb@@MAE@XZ 10001f90 f   concurrent_queue.obj
 0001:00000fb0       ?internal_push@concurrent_queue_base_v3@internal@tbb@@IAEXPBX@Z 10001fb0 f   concurrent_queue.obj
 0001:00000fd0       ?internal_push_move@concurrent_queue_base_v8@internal@tbb@@IAEXPBX@Z 10001fd0 f   concurrent_queue.obj
 0001:00000ff0       ?internal_insert_item@concurrent_queue_base_v3@internal@tbb@@IAEXPBXW4copy_specifics@123@@Z 10001ff0 f   concurrent_queue.obj
 0001:000012e0       ?internal_pop@concurrent_queue_base_v3@internal@tbb@@IAEXPAX@Z 100022e0 f   concurrent_queue.obj
 0001:00001710       ?internal_abort@concurrent_queue_base_v3@internal@tbb@@IAEXXZ 10002710 f   concurrent_queue.obj
 0001:00001740       ?internal_pop_if_present@concurrent_queue_base_v3@internal@tbb@@IAE_NPAX@Z 10002740 f   concurrent_queue.obj
 0001:000017c0       ?internal_push_if_not_full@concurrent_queue_base_v3@internal@tbb@@IAE_NPBX@Z 100027c0 f   concurrent_queue.obj
 0001:000017e0       ?internal_push_move_if_not_full@concurrent_queue_base_v8@internal@tbb@@IAE_NPBX@Z 100027e0 f   concurrent_queue.obj
 0001:00001800       ?internal_insert_if_not_full@concurrent_queue_base_v3@internal@tbb@@IAE_NPBXW4copy_specifics@123@@Z 10002800 f   concurrent_queue.obj
 0001:00001890       ?internal_size@concurrent_queue_base_v3@internal@tbb@@IBEHXZ 10002890 f   concurrent_queue.obj
 0001:000018b0       ?internal_empty@concurrent_queue_base_v3@internal@tbb@@IBE_NXZ 100028b0 f   concurrent_queue.obj
 0001:000018f0       ?internal_set_capacity@concurrent_queue_base@internal@tbb@@IAEXHI@Z 100028f0 f   concurrent_queue_v2.obj
 0001:000018f0       ?internal_set_capacity@concurrent_queue_base_v3@internal@tbb@@IAEXHI@Z 100028f0 f   concurrent_queue.obj
 0001:00001910       ?internal_finish_clear@concurrent_queue_base_v3@internal@tbb@@IAEXXZ 10002910 f   concurrent_queue.obj
 0001:00001960       ?_Xbad_alloc@std@@YAXXZ    10002960 f   libcpmt:xthrow.obj
 0001:00001960       ?internal_throw_exception@concurrent_queue_base_v3@internal@tbb@@IBEXXZ 10002960 f   concurrent_queue.obj
 0001:000019a0       ?internal_assign@concurrent_queue_base_v3@internal@tbb@@IAEXABV123@W4copy_specifics@123@@Z 100029a0 f   concurrent_queue.obj
 0001:00001a30       ?assign@concurrent_queue_base_v3@internal@tbb@@IAEXABV123@@Z 10002a30 f   concurrent_queue.obj
 0001:00001a50       ?move_content@concurrent_queue_base_v8@internal@tbb@@IAEXAAV123@@Z 10002a50 f   concurrent_queue.obj
 0001:00001a70       ?get_item@concurrent_queue_iterator_rep@internal@tbb@@QAE_NAAPAXI@Z 10002a70 f i concurrent_queue.obj
 0001:00001ae0       ?initialize@concurrent_queue_iterator_base_v3@internal@tbb@@AAEXABVconcurrent_queue_base_v3@23@I@Z 10002ae0 f   concurrent_queue.obj
 0001:00001b80       ??0concurrent_queue_iterator_base_v3@internal@tbb@@IAE@ABVconcurrent_queue_base_v3@12@@Z 10002b80 f   concurrent_queue.obj
 0001:00001ba0       ??0concurrent_queue_iterator_base_v3@internal@tbb@@IAE@ABVconcurrent_queue_base_v3@12@I@Z 10002ba0 f   concurrent_queue.obj
 0001:00001bc0       ?assign@concurrent_queue_iterator_base_v3@internal@tbb@@IAEXABV123@@Z 10002bc0 f   concurrent_queue.obj
 0001:00001c30       ?advance@concurrent_queue_iterator_base_v3@internal@tbb@@IAEXXZ 10002c30 f   concurrent_queue.obj
 0001:00001c80       ??1concurrent_queue_iterator_base_v3@internal@tbb@@IAE@XZ 10002c80 f   concurrent_queue.obj
 0001:00001ca0       ?allocate@?$cache_aligned_allocator@Vconcurrent_queue_iterator_rep@internal@tbb@@@tbb@@QAEPAVconcurrent_queue_iterator_rep@internal@2@IPBX@Z 10002ca0 f i concurrent_queue.obj
 0001:00001cf0       ??$spin_wait_until_eq@U?$atomic@I@tbb@@I@internal@tbb@@YAXADU?$atomic@I@1@I@Z 10002cf0 f i concurrent_queue.obj
 0001:00001d40       ??$spin_wait_while_eq@U?$atomic@PAVsegment_t@concurrent_vector_base_v3@internal@tbb@@@tbb@@PAVsegment_t@concurrent_vector_base_v3@internal@2@@internal@tbb@@YAXADU?$atomic@PAVsegment_t@concurrent_vector_base_v3@internal@tbb@@@1@PAVsegment_t@concurrent_vector_base_v3@01@@Z 10002d40 f i concurrent_vector.obj
 0001:00001d40       ??$spin_wait_while_eq@U?$atomic@I@tbb@@I@internal@tbb@@YAXADU?$atomic@I@1@I@Z 10002d40 f i concurrent_queue.obj
 0001:00001d90       ??$notify_relaxed@Upredicate_leq@internal@tbb@@@concurrent_monitor@internal@tbb@@QAEXABUpredicate_leq@12@@Z 10002d90 f i concurrent_queue.obj
 0001:00001e50       ?acquire_segment@helper@concurrent_vector_base_v3@internal@tbb@@SAAAVsegment_t@234@AAV234@II_N@Z 10002e50 f i concurrent_vector.obj
 0001:00001ee0       ??1helper@concurrent_vector_base_v3@internal@tbb@@QAE@XZ 10002ee0 f i concurrent_vector.obj
 0001:00001ef0       ?extend_segment_table@helper@concurrent_vector_base_v3@internal@tbb@@SAXAAV234@I@Z 10002ef0 f   concurrent_vector.obj
 0001:00002090       ?enable_segment@helper@concurrent_vector_base_v3@internal@tbb@@SAIAAV234@II_N@Z 10003090 f   concurrent_vector.obj
 0001:00002280       ?cleanup@helper@concurrent_vector_base_v3@internal@tbb@@QAEXXZ 10003280 f   concurrent_vector.obj
 0001:000024d0       ??1concurrent_vector_base_v3@internal@tbb@@IAE@XZ 100034d0 f   concurrent_vector.obj
 0001:000024f0       ?internal_capacity@concurrent_vector_base_v3@internal@tbb@@IBEIXZ 100034f0 f   concurrent_vector.obj
 0001:00002530       ?internal_throw_exception@concurrent_vector_base_v3@internal@tbb@@IBEXI@Z 10003530 f   concurrent_vector.obj
 0001:000025a0       ?internal_reserve@concurrent_vector_base_v3@internal@tbb@@IAEXIII@Z 100035a0 f   concurrent_vector.obj
 0001:00002690       ?internal_copy@concurrent_vector_base_v3@internal@tbb@@IAEXABV123@IP6AXPAXPBXI@Z@Z 10003690 f   concurrent_vector.obj
 0001:00002790       ?internal_assign@concurrent_vector_base_v3@internal@tbb@@IAEXABV123@IP6AXPAXI@ZP6AX1PBXI@Z4@Z 10003790 f   concurrent_vector.obj
 0001:000029f0       ?internal_push_back@concurrent_vector_base_v3@internal@tbb@@IAEPAXIAAI@Z 100039f0 f   concurrent_vector.obj
 0001:00002a70       ?internal_grow_to_at_least@concurrent_vector_base_v3@internal@tbb@@IAEXIIP6AXPAXPBXI@Z1@Z 10003a70 f   concurrent_vector.obj
 0001:00002a80       ?internal_grow_to_at_least_with_result@concurrent_vector_base_v3@internal@tbb@@IAEIIIP6AXPAXPBXI@Z1@Z 10003a80 f   concurrent_vector.obj
 0001:00002bb0       ?internal_grow_by@concurrent_vector_base_v3@internal@tbb@@IAEIIIP6AXPAXPBXI@Z1@Z 10003bb0 f   concurrent_vector.obj
 0001:00002be0       ?internal_grow@concurrent_vector_base_v3@internal@tbb@@IAEXIIIP6AXPAXPBXI@Z1@Z 10003be0 f   concurrent_vector.obj
 0001:00002e60       ?internal_resize@concurrent_vector_base_v3@internal@tbb@@IAEXIIIPBXP6AXPAXI@ZP6AX10I@Z@Z 10003e60 f   concurrent_vector.obj
 0001:00002fb0       ?internal_clear@concurrent_vector_base_v3@internal@tbb@@IAEIP6AXPAXI@Z@Z 10003fb0 f   concurrent_vector.obj
 0001:00003090       ?internal_compact@concurrent_vector_base_v3@internal@tbb@@IAEPAXIPAXP6AX0I@ZP6AX0PBXI@Z@Z 10004090 f   concurrent_vector.obj
 0001:00003450       ?internal_swap@concurrent_vector_base_v3@internal@tbb@@IAEXAAV123@@Z 10004450 f   concurrent_vector.obj
 0001:000034f0       ??$spin_wait_while@Usegment_not_used_predicate@helper@concurrent_vector_base_v3@internal@tbb@@@internal@tbb@@YAXUsegment_not_used_predicate@helper@concurrent_vector_base_v3@01@@Z 100044f0 f i concurrent_vector.obj
 0001:00003540       ??$apply@Uinit_body@helper@concurrent_vector_base_v3@internal@tbb@@@helper@concurrent_vector_base_v3@internal@tbb@@QAEIABUinit_body@0123@@Z 10004540 f i concurrent_vector.obj
 0001:00003610       ??$apply@Usafe_init_body@helper@concurrent_vector_base_v3@internal@tbb@@@helper@concurrent_vector_base_v3@internal@tbb@@QAEIABUsafe_init_body@0123@@Z 10004610 f i concurrent_vector.obj
 0001:00003750       ??$apply@Udestroy_body@helper@concurrent_vector_base_v3@internal@tbb@@@helper@concurrent_vector_base_v3@internal@tbb@@QAEIABUdestroy_body@0123@@Z 10004750 f i concurrent_vector.obj
 0001:00003830       ??$_Uninit_fill_n@PAVsegment_t@concurrent_vector_base_v3@internal@tbb@@IV1234@@std@@YAPAVsegment_t@concurrent_vector_base_v3@internal@tbb@@PAV1234@IABV1234@U_Nonscalar_ptr_iterator_tag@0@@Z 10004830 f i concurrent_vector.obj
 0001:00003990       ?dynamic_load@internal@tbb@@YAPAUHINSTANCE__@@PBDQBUdynamic_link_descriptor@12@I@Z 10004990 f   dynamic_link.obj
 0001:00003aa0       ?dynamic_link@internal@tbb@@YA_NPBDQBUdynamic_link_descriptor@12@IPAPAUHINSTANCE__@@H@Z 10004aa0 f   dynamic_link.obj
 0001:00003b50       ??$atomic_do_once@P6AXXZ@internal@tbb@@YAXABQ6AXXZAAU?$atomic@W4do_once_state@internal@tbb@@@1@@Z 10004b50 f i dynamic_link.obj
 0001:00008910       ___itt_fini_ittlib         10009910 f   itt_notify.obj
 0001:00008990       ___itt_init_ittlib         10009990 f   itt_notify.obj
 0001:00008c20       ?initialize_handler_pointers@internal@tbb@@YAXXZ 10009c20 f   cache_aligned_allocator.obj
 0001:00008e10       ?NFS_GetLineSize@internal@tbb@@YAIXZ 10009e10 f   cache_aligned_allocator.obj
 0001:00008e20       ?NFS_Allocate@internal@tbb@@YAPAXIIPAX@Z 10009e20 f   cache_aligned_allocator.obj
 0001:00008e90       ?NFS_Free@internal@tbb@@YAXPAX@Z 10009e90 f   cache_aligned_allocator.obj
 0001:00008ef0       ?allocate_closure_v3@internal@tbb@@YAPAXI@Z 10009ef0 f   tbb_thread.obj
 0001:00008ef0       ?allocate_via_handler_v3@internal@tbb@@YAPAXI@Z 10009ef0 f   cache_aligned_allocator.obj
 0001:00008f40       ?free_closure_v3@internal@tbb@@YAXPAX@Z 10009f40 f   tbb_thread.obj
 0001:00008f40       ?deallocate_via_handler_v3@internal@tbb@@YAXPAX@Z 10009f40 f   cache_aligned_allocator.obj
 0001:00008f60       ?is_malloc_used_v3@internal@tbb@@YA_NXZ 10009f60 f   cache_aligned_allocator.obj
 0001:00008f90       ??0task_group_context@tbb@@QAE@W4kind_type@01@I@Z 10009f90 f i pipeline.obj
 0001:00009000       ??1task@tbb@@UAE@XZ        1000a000 f i pipeline.obj
 0001:00009010       ??_Gtask@tbb@@UAEPAXI@Z    1000a010 f i pipeline.obj
 0001:00009010       ??_Etask@tbb@@UAEPAXI@Z    1000a010 f i * CIL library *:* CIL module *
 0001:00009010       ??_Gwait_task@internal@interface7@tbb@@UAEPAXI@Z 1000a010 f i arena.obj
 0001:00009010       ??_Epipeline_root_task@internal@tbb@@UAEPAXI@Z 1000a010 f i * CIL library *:* CIL module *
 0001:00009010       ??_Gempty_task@tbb@@UAEPAXI@Z 1000a010 f i arena.obj
 0001:00009010       ??_E?$function_task@Vspawn_functor@graph@interface10@flow@tbb@@@internal@tbb@@UAEPAXI@Z 1000a010 f i * CIL library *:* CIL module *
 0001:00009010       ??_G?$function_task@Vspawn_functor@graph@interface10@flow@tbb@@@internal@tbb@@UAEPAXI@Z 1000a010 f i arena.obj
 0001:00009010       ??_Eempty_task@tbb@@UAEPAXI@Z 1000a010 f i * CIL library *:* CIL module *
 0001:00009010       ??_Ewait_task@internal@interface7@tbb@@UAEPAXI@Z 1000a010 f i * CIL library *:* CIL module *
 0001:00009010       ??_Gpipeline_root_task@internal@tbb@@UAEPAXI@Z 1000a010 f i pipeline.obj
 0001:00009040       ??2@YAPAXIABVallocate_child_proxy@internal@tbb@@@Z 1000a040 f i pipeline.obj
 0001:000090b0       ??2@YAPAXIABVallocate_additional_child_of_proxy@internal@tbb@@@Z 1000a0b0 f i pipeline.obj
 0001:00009130       ?independent_thread_number_changed@private_server@rml@internal@tbb@@UAEXH@Z 1000a130 f i private_server.obj
 0001:00009130       ?register_master@private_server@rml@internal@tbb@@UAEXAAPAX@Z 1000a130 f i private_server.obj
 0001:00009130       ?finalize@filter@tbb@@UAEXPAX@Z 1000a130 f i pipeline.obj
 0001:00009130       ?destroy_condvar_noop@internal@tbb@@YGXPAU_RTL_CONDITION_VARIABLE@@@Z 1000a130 f i condition_variable.obj
 0001:00009130       ?unregister_master@private_server@rml@internal@tbb@@UAEXPAX@Z 1000a130 f i private_server.obj
 0001:00009130       ?note_affinity@task@tbb@@UAEXG@Z 1000a130 f i task.obj
 0001:00009130       ?inject_token@pipeline@tbb@@AAEXAAVtask@2@@Z 1000a130 f i pipeline.obj
 0001:00009140       ??_Gfilter@tbb@@UAEPAXI@Z  1000a140 f i pipeline.obj
 0001:00009140       ??_Efilter@tbb@@UAEPAXI@Z  1000a140 f i * CIL library *:* CIL module *
 0001:00009180       ??0input_buffer@internal@tbb@@QAE@_N0@Z 1000a180 f i pipeline.obj
 0001:00009210       ?put_token@input_buffer@internal@tbb@@QAE_NAAUtask_info@23@_N@Z 1000a210 f i pipeline.obj
 0001:00009340       ?return_item@input_buffer@internal@tbb@@QAE_NAAUtask_info@23@_N@Z 1000a340 f i pipeline.obj
 0001:000093f0       ?grow@input_buffer@internal@tbb@@AAEXK@Z 1000a3f0 f   pipeline.obj
 0001:000094c0       ??0stage_task@internal@tbb@@QAE@AAVpipeline@2@@Z 1000a4c0 f i pipeline.obj
 0001:00009500       ?spawn_stage_task@stage_task@internal@tbb@@QAEXABUtask_info@23@@Z 1000a500 f i pipeline.obj
 0001:00009590       ??_Estage_task@internal@tbb@@UAEPAXI@Z 1000a590 f i * CIL library *:* CIL module *
 0001:00009590       ??_Gstage_task@internal@tbb@@UAEPAXI@Z 1000a590 f i pipeline.obj
 0001:00009620       ?execute@stage_task@internal@tbb@@UAEPAVtask@3@XZ 1000a620 f   pipeline.obj
 0001:00009970       ?execute@pipeline_root_task@internal@tbb@@EAEPAVtask@3@XZ 1000a970 f i pipeline.obj
 0001:00009bb0       ??0pipeline_root_task@internal@tbb@@QAE@AAVpipeline@2@@Z 1000abb0 f i pipeline.obj
 0001:00009c10       ??1pipeline_cleaner@internal@tbb@@QAE@XZ 1000ac10 f i pipeline.obj
 0001:00009c40       ?clear_filters@pipeline@tbb@@AAEXXZ 1000ac40 f   pipeline.obj
 0001:00009cb0       ??0pipeline@tbb@@QAE@XZ    1000acb0 f   pipeline.obj
 0001:00009cf0       ??_Gpipeline@tbb@@UAEPAXI@Z 1000acf0 f i pipeline.obj
 0001:00009cf0       ??_Epipeline@tbb@@UAEPAXI@Z 1000acf0 f i * CIL library *:* CIL module *
 0001:00009d20       ??1pipeline@tbb@@UAE@XZ    1000ad20 f   pipeline.obj
 0001:00009d30       ?clear@pipeline@tbb@@QAEXXZ 1000ad30 f   pipeline.obj
 0001:00009df0       ??_Ginput_buffer@internal@tbb@@QAEPAXI@Z 1000adf0 f i pipeline.obj
 0001:00009e40       ?add_filter@pipeline@tbb@@QAEXAAVfilter@2@@Z 1000ae40 f   pipeline.obj
 0001:0000a020       ?remove_filter@pipeline@tbb@@AAEXAAVfilter@2@@Z 1000b020 f   pipeline.obj
 0001:0000a090       ?run@pipeline@tbb@@QAEXIAAVtask_group_context@2@@Z 1000b090 f   pipeline.obj
 0001:0000a190       ?run@pipeline@tbb@@QAEXI@Z 1000b190 f   pipeline.obj
 0001:0000a250       ??1filter@tbb@@UAE@XZ      1000b250 f   pipeline.obj
 0001:0000a270       ?set_end_of_input@filter@tbb@@IAEXXZ 1000b270 f   pipeline.obj
 0001:0000a290       ?process_item@thread_bound_filter@tbb@@QAE?AW4result_type@12@XZ 1000b290 f   pipeline.obj
 0001:0000a2a0       ?try_process_item@thread_bound_filter@tbb@@QAE?AW4result_type@12@XZ 1000b2a0 f   pipeline.obj
 0001:0000a2b0       ?internal_process_item@thread_bound_filter@tbb@@AAE?AW4result_type@12@_N@Z 1000b2b0 f   pipeline.obj
 0001:0000a490       ?allocate@?$cache_aligned_allocator@Utask_info@internal@tbb@@@tbb@@QAEPAUtask_info@internal@2@IPBX@Z 1000b490 f i pipeline.obj
 0001:0000a530       ??$note_done@Vstage_task@internal@tbb@@@input_buffer@internal@tbb@@QAEXKAAVstage_task@12@@Z 1000b530 f i pipeline.obj
 0001:0000a610       ?acquire@scoped_lock@queuing_mutex@tbb@@QAEXAAV23@@Z 1000b610 f   queuing_mutex.obj
 0001:0000a670       ?try_acquire@scoped_lock@queuing_mutex@tbb@@QAE_NAAV23@@Z 1000b670 f   queuing_mutex.obj
 0001:0000a6c0       ?release@scoped_lock@queuing_mutex@tbb@@QAEXXZ 1000b6c0 f   queuing_mutex.obj
 0001:0000a710       ?internal_construct@queuing_mutex@tbb@@QAEXXZ 1000b710 f   queuing_mutex.obj
 0001:0000a730       ??$spin_wait_while_eq@PAVscoped_lock@queuing_mutex@tbb@@PAV123@@internal@tbb@@YAXADSAVscoped_lock@queuing_mutex@1@PAV231@@Z 1000b730 f i queuing_mutex.obj
 0001:0000a730       ??$spin_wait_while_eq@PAVtask_group_context@tbb@@PAV12@@internal@tbb@@YAXADSAVtask_group_context@1@PAV21@@Z 1000b730 f i arena.obj
 0001:0000a730       ??$spin_wait_while_eq@PAVscoped_lock@queuing_rw_mutex@tbb@@PAX@internal@tbb@@YAXADSAVscoped_lock@queuing_rw_mutex@1@PAX@Z 1000b730 f i queuing_rw_mutex.obj
 0001:0000a730       ??$spin_wait_while_eq@PAVscoped_lock@reader_writer_lock@interface5@tbb@@PAV1234@@internal@tbb@@YAXADSAVscoped_lock@reader_writer_lock@interface5@1@PAV2341@@Z 1000b730 f i reader_writer_lock.obj
 0001:0000a730       ??$spin_wait_while_eq@IK@internal@tbb@@YAXADIK@Z 1000b730 f i queuing_mutex.obj
 0001:0000a730       ??$spin_wait_while_eq@PAXPAX@internal@tbb@@YAXADSAXPAX@Z 1000b730 f i concurrent_vector_v2.obj
 0001:0000a770       ?wait_for_release_of_internal_lock@scoped_lock@queuing_rw_mutex@tbb@@AAEXXZ 1000b770 f i queuing_rw_mutex.obj
 0001:0000a7b0       ?acquire@scoped_lock@queuing_rw_mutex@tbb@@QAEXAAV23@_N@Z 1000b7b0 f   queuing_rw_mutex.obj
 0001:0000a8c0       ?try_acquire@scoped_lock@queuing_rw_mutex@tbb@@QAE_NAAV23@_N@Z 1000b8c0 f   queuing_rw_mutex.obj
 0001:0000a930       ?release@scoped_lock@queuing_rw_mutex@tbb@@QAEXXZ 1000b930 f   queuing_rw_mutex.obj
 0001:0000ab70       ?downgrade_to_reader@scoped_lock@queuing_rw_mutex@tbb@@QAE_NXZ 1000bb70 f   queuing_rw_mutex.obj
 0001:0000abe0       ?upgrade_to_writer@scoped_lock@queuing_rw_mutex@tbb@@QAE_NXZ 1000bbe0 f   queuing_rw_mutex.obj
 0001:0000af30       ?internal_construct@queuing_rw_mutex@tbb@@QAEXXZ 1000bf30 f   queuing_rw_mutex.obj
 0001:0000af50       ??$spin_wait_until_eq@EH@internal@tbb@@YAXADEH@Z 1000bf50 f i queuing_rw_mutex.obj
 0001:0000af90       ??$spin_wait_while_eq@PAVscoped_lock@queuing_rw_mutex@tbb@@PAV123@@internal@tbb@@YAXADSAVscoped_lock@queuing_rw_mutex@1@PAV231@@Z 1000bf90 f i queuing_rw_mutex.obj
 0001:0000afd0       ?internal_destroy@scoped_lock_read@reader_writer_lock@interface5@tbb@@AAEXXZ 1000bfd0 f i reader_writer_lock.obj
 0001:0000afd0       ??1scoped_lock_read@reader_writer_lock@interface5@tbb@@QAE@XZ 1000bfd0 f i reader_writer_lock.obj
 0001:0000b000       ?fetch_and_or@interface5@tbb@@YAIAAU?$atomic@I@2@I@Z 1000c000 f i reader_writer_lock.obj
 0001:0000b070       ?fetch_and_and@interface5@tbb@@YAIAAU?$atomic@I@2@I@Z 1000c070 f i reader_writer_lock.obj
 0001:0000b0c0       ?internal_construct@reader_writer_lock@interface5@tbb@@AAEXXZ 1000c0c0 f   reader_writer_lock.obj
 0001:0000b0f0       ?lock@reader_writer_lock@interface5@tbb@@QAEXXZ 1000c0f0 f   reader_writer_lock.obj
 0001:0000b180       ?try_lock@reader_writer_lock@interface5@tbb@@QAE_NXZ 1000c180 f   reader_writer_lock.obj
 0001:0000b200       ?start_write@reader_writer_lock@interface5@tbb@@AAE_NPAVscoped_lock@123@@Z 1000c200 f   reader_writer_lock.obj
 0001:0000b300       ?set_next_writer@reader_writer_lock@interface5@tbb@@AAEXPAVscoped_lock@123@@Z 1000c300 f   reader_writer_lock.obj
 0001:0000b370       ?lock_read@reader_writer_lock@interface5@tbb@@QAEXXZ 1000c370 f   reader_writer_lock.obj
 0001:0000b440       ?try_lock_read@reader_writer_lock@interface5@tbb@@QAE_NXZ 1000c440 f   reader_writer_lock.obj
 0001:0000b480       ?start_read@reader_writer_lock@interface5@tbb@@AAEXPAVscoped_lock_read@123@@Z 1000c480 f   reader_writer_lock.obj
 0001:0000b550       ?unlock@reader_writer_lock@interface5@tbb@@QAEXXZ 1000c550 f   reader_writer_lock.obj
 0001:0000b5b0       ?end_write@reader_writer_lock@interface5@tbb@@AAEXPAVscoped_lock@123@@Z 1000c5b0 f   reader_writer_lock.obj
 0001:0000b650       ?internal_construct@scoped_lock@reader_writer_lock@interface5@tbb@@AAEXAAV234@@Z 1000c650 f   reader_writer_lock.obj
 0001:0000b6b0       ?internal_construct@scoped_lock_read@reader_writer_lock@interface5@tbb@@AAEXAAV234@@Z 1000c6b0 f   reader_writer_lock.obj
 0001:0000b710       ?internal_destroy@scoped_lock@reader_writer_lock@interface5@tbb@@AAEXXZ 1000c710 f   reader_writer_lock.obj
 0001:0000b730       ??$spin_wait_while_eq@U?$atomic@W4status_t@reader_writer_lock@interface5@tbb@@@tbb@@W4status_t@reader_writer_lock@interface5@2@@internal@tbb@@YAXADU?$atomic@W4status_t@reader_writer_lock@interface5@tbb@@@1@W4status_t@reader_writer_lock@interface5@1@@Z 1000c730 f i reader_writer_lock.obj
 0001:0000b770       ??$spin_wait_until_and@U?$atomic@I@tbb@@I@interface5@tbb@@YAXADU?$atomic@I@1@I@Z 1000c770 f i reader_writer_lock.obj
 0001:0000b7b0       ??$spin_wait_while_geq@U?$atomic@I@tbb@@I@interface5@tbb@@YAXADU?$atomic@I@1@I@Z 1000c7b0 f i reader_writer_lock.obj
 0001:0000b7f0       ?internal_acquire_writer@spin_rw_mutex_v3@tbb@@AAE_NXZ 1000c7f0 f   spin_rw_mutex.obj
 0001:0000b890       ?internal_release_writer@spin_rw_mutex_v3@tbb@@AAEXXZ 1000c890 f   spin_rw_mutex.obj
 0001:0000b8b0       ?internal_acquire_reader@spin_rw_mutex_v3@tbb@@AAEXXZ 1000c8b0 f   spin_rw_mutex.obj
 0001:0000b920       ?internal_upgrade@spin_rw_mutex_v3@tbb@@AAE_NXZ 1000c920 f   spin_rw_mutex.obj
 0001:0000ba00       ?internal_downgrade@spin_rw_mutex_v3@tbb@@AAEXXZ 1000ca00 f   spin_rw_mutex.obj
 0001:0000ba20       ?internal_release_reader@spin_rw_mutex_v3@tbb@@AAEXXZ 1000ca20 f   spin_rw_mutex.obj
 0001:0000ba40       ?internal_try_acquire_writer@spin_rw_mutex_v3@tbb@@AAE_NXZ 1000ca40 f   spin_rw_mutex.obj
 0001:0000baa0       ?internal_try_acquire_reader@spin_rw_mutex_v3@tbb@@AAE_NXZ 1000caa0 f   spin_rw_mutex.obj
 0001:0000bad0       ?internal_construct@spin_rw_mutex_v3@tbb@@AAEXXZ 1000cad0 f   spin_rw_mutex.obj
 0001:0000baf0       ?try_acquire@scoped_lock@spin_rw_mutex_v3@tbb@@QAE_NAAV23@_N@Z 1000caf0 f i x86_rtm_rw_mutex.obj
 0001:0000bb60       ?internal_release@x86_rtm_rw_mutex@internal@interface8@tbb@@AAEXAAVscoped_lock@1234@@Z 1000cb60 f   x86_rtm_rw_mutex.obj
 0001:0000bbd0       ?internal_acquire_writer@x86_rtm_rw_mutex@internal@interface8@tbb@@AAEXAAVscoped_lock@1234@_N@Z 1000cbd0 f   x86_rtm_rw_mutex.obj
 0001:0000bc90       ?internal_acquire_reader@x86_rtm_rw_mutex@internal@interface8@tbb@@AAEXAAVscoped_lock@1234@_N@Z 1000cc90 f   x86_rtm_rw_mutex.obj
 0001:0000bd50       ?internal_upgrade@x86_rtm_rw_mutex@internal@interface8@tbb@@AAE_NAAVscoped_lock@1234@@Z 1000cd50 f   x86_rtm_rw_mutex.obj
 0001:0000bdb0       ?internal_downgrade@x86_rtm_rw_mutex@internal@interface8@tbb@@AAE_NAAVscoped_lock@1234@@Z 1000cdb0 f   x86_rtm_rw_mutex.obj
 0001:0000be00       ?internal_try_acquire_writer@x86_rtm_rw_mutex@internal@interface8@tbb@@AAE_NAAVscoped_lock@1234@@Z 1000ce00 f   x86_rtm_rw_mutex.obj
 0001:0000be80       ?internal_construct@x86_rtm_rw_mutex@internal@interface8@tbb@@AAEXXZ 1000ce80 f   x86_rtm_rw_mutex.obj
 0001:0000bea0       ?internal_acquire@scoped_lock@spin_mutex@tbb@@AAEXAAV23@@Z 1000cea0 f   spin_mutex.obj
 0001:0000bee0       ?internal_release@scoped_lock@spin_mutex@tbb@@AAEXXZ 1000cee0 f   spin_mutex.obj
 0001:0000bf00       ?internal_try_acquire@scoped_lock@spin_mutex@tbb@@AAE_NAAV23@@Z 1000cf00 f   spin_mutex.obj
 0001:0000bf40       ?internal_construct@spin_mutex@tbb@@QAEXXZ 1000cf40 f   spin_mutex.obj
 0001:0000bf60       ?internal_construct@critical_section_v4@internal@tbb@@QAEXXZ 1000cf60 f   critical_section.obj
 0001:0000bf80       ?internal_acquire@scoped_lock@mutex@tbb@@AAEXAAV23@@Z 1000cf80 f   mutex.obj
 0001:0000bfd0       ?internal_release@scoped_lock@mutex@tbb@@AAEXXZ 1000cfd0 f   mutex.obj
 0001:0000c000       ?internal_try_acquire@scoped_lock@mutex@tbb@@AAE_NAAV23@@Z 1000d000 f   mutex.obj
 0001:0000c030       ?internal_construct@mutex@tbb@@AAEXXZ 1000d030 f   mutex.obj
 0001:0000c070       ?internal_destroy@recursive_mutex@tbb@@AAEXXZ 1000d070 f   recursive_mutex.obj
 0001:0000c070       ?internal_destroy@mutex@tbb@@AAEXXZ 1000d070 f   mutex.obj
 0001:0000c090       ?internal_acquire@scoped_lock@recursive_mutex@tbb@@AAEXAAV23@@Z 1000d090 f   recursive_mutex.obj
 0001:0000c0c0       ?internal_release@scoped_lock@recursive_mutex@tbb@@AAEXXZ 1000d0c0 f   recursive_mutex.obj
 0001:0000c0e0       ?internal_try_acquire@scoped_lock@recursive_mutex@tbb@@AAE_NAAV23@@Z 1000d0e0 f   recursive_mutex.obj
 0001:0000c110       ?internal_construct@recursive_mutex@tbb@@AAEXXZ 1000d110 f   recursive_mutex.obj
 0001:0000c150       ?init_condvar_using_event@internal@tbb@@YGXPAUcondition_variable_using_event@1interface5@2@@Z 1000d150 f   condition_variable.obj
 0001:0000c190       ?sleep_condition_variable_cs_using_event@internal@tbb@@YGHPAUcondition_variable_using_event@1interface5@2@PAU_RTL_CRITICAL_SECTION@@K@Z 1000d190 f   condition_variable.obj
 0001:0000c270       ?wake_condition_variable_using_event@internal@tbb@@YGXPAUcondition_variable_using_event@1interface5@2@@Z 1000d270 f   condition_variable.obj
 0001:0000c2b0       ?wake_all_condition_variable_using_event@internal@tbb@@YGXPAUcondition_variable_using_event@1interface5@2@@Z 1000d2b0 f   condition_variable.obj
 0001:0000c2f0       ?destroy_condvar_using_event@internal@tbb@@YGXPAUcondition_variable_using_event@1interface5@2@@Z 1000d2f0 f   condition_variable.obj
 0001:0000c350       ?init_condvar_module@internal@tbb@@YAXXZ 1000d350 f   condition_variable.obj
 0001:0000c450       ?internal_initialize_condition_variable@internal@interface5@tbb@@YAXAATcondvar_impl_t@123@@Z 1000d450 f   condition_variable.obj
 0001:0000c480       ?internal_destroy_condition_variable@internal@interface5@tbb@@YAXAATcondvar_impl_t@123@@Z 1000d480 f   condition_variable.obj
 0001:0000c490       ?internal_condition_variable_notify_one@internal@interface5@tbb@@YAXAATcondvar_impl_t@123@@Z 1000d490 f   condition_variable.obj
 0001:0000c4a0       ?internal_condition_variable_notify_all@internal@interface5@tbb@@YAXAATcondvar_impl_t@123@@Z 1000d4a0 f   condition_variable.obj
 0001:0000c4b0       ?internal_condition_variable_wait@internal@interface5@tbb@@YA_NAATcondvar_impl_t@123@PAVmutex@3@PBVinterval_t@tick_count@3@@Z 1000d4b0 f   condition_variable.obj
 0001:0000c530       ??$spin_wait_until_eq@HH@internal@tbb@@YAXADHH@Z 1000d530 f i condition_variable.obj
 0001:0000c570       ?join@tbb_thread_v3@internal@tbb@@QAEXXZ 1000d570 f   tbb_thread.obj
 0001:0000c5f0       ?detach@tbb_thread_v3@internal@tbb@@QAEXXZ 1000d5f0 f   tbb_thread.obj
 0001:0000c630       ?internal_start@tbb_thread_v3@internal@tbb@@AAEXP6GIPAX@Z0@Z 1000d630 f   tbb_thread.obj
 0001:0000c680       ?default_num_threads@task_scheduler_init@tbb@@SAHXZ 1000d680 f   governor.obj
 0001:0000c680       ?hardware_concurrency@tbb_thread_v3@internal@tbb@@SAIXZ 1000d680 f   tbb_thread.obj
 0001:0000c6c0       ?thread_get_id_v3@internal@tbb@@YA?AVid@tbb_thread_v3@12@XZ 1000d6c0 f   tbb_thread.obj
 0001:0000c6e0       ?move_v3@internal@tbb@@YAXAAVtbb_thread_v3@12@0@Z 1000d6e0 f   tbb_thread.obj
 0001:0000c730       ?yield@private_server@rml@internal@tbb@@UAEXXZ 1000d730 f   private_server.obj
 0001:0000c730       ?thread_yield_v3@internal@tbb@@YAXXZ 1000d730 f   tbb_thread.obj
 0001:0000c740       ?thread_sleep_v3@internal@tbb@@YAXABVinterval_t@tick_count@2@@Z 1000d740 f   tbb_thread.obj
 0001:0000c850       ?init@thread_context@concurrent_monitor@internal@tbb@@AAEXXZ 1000d850 f   concurrent_monitor.obj
 0001:0000c880       ?prepare_wait@concurrent_monitor@internal@tbb@@QAEXAAVthread_context@123@I@Z 1000d880 f   concurrent_monitor.obj
 0001:0000c900       ?cancel_wait@concurrent_monitor@internal@tbb@@QAEXAAVthread_context@123@@Z 1000d900 f   concurrent_monitor.obj
 0001:0000c950       ?abort_all_relaxed@concurrent_monitor@internal@tbb@@QAEXXZ 1000d950 f   concurrent_monitor.obj
 0001:0000ca00       ?launch@thread_monitor@internal@rml@@SAPAXP6GIPAX@Z0IPBI@Z 1000da00 f i private_server.obj
 0001:0000cad0       ?execute@empty_task@tbb@@EAEPAVtask@2@XZ 1000dad0 f i arena.obj
 0001:0000cad0       __matherr                  1000dad0 f i LIBCMT:matherr.obj
 0001:0000cad0       ?version@market@internal@tbb@@EBEIXZ 1000dad0 f i market.obj
 0001:0000cad0       ?version@private_server@rml@internal@tbb@@UBEIXZ 1000dad0 f i private_server.obj
 0001:0000cae0       ?request_close_connection@private_server@rml@internal@tbb@@UAEX_N@Z 1000dae0 f i private_server.obj
 0001:0000cb40       ?default_concurrency@private_server@rml@internal@tbb@@UBEIXZ 1000db40 f i private_server.obj
 0001:0000cb80       ?thread_routine@private_worker@rml@internal@tbb@@CGIPAX@Z 1000db80 f   private_server.obj
 0001:0000cbd0       ?start_shutdown@private_worker@rml@internal@tbb@@AAEXXZ 1000dbd0 f   private_server.obj
 0001:0000cc70       ?run@private_worker@rml@internal@tbb@@AAEXXZ 1000dc70 f   private_server.obj
 0001:0000cde0       ??0private_server@rml@internal@tbb@@QAE@AAVtbb_client@123@@Z 1000dde0 f   private_server.obj
 0001:0000cf20       ??_Eprivate_server@rml@internal@tbb@@EAEPAXI@Z 1000df20 f i * CIL library *:* CIL module *
 0001:0000cf20       ??_Gprivate_server@rml@internal@tbb@@EAEPAXI@Z 1000df20 f i private_server.obj
 0001:0000cf80       ?wake_some@private_server@rml@internal@tbb@@AAEXH@Z 1000df80 f   private_server.obj
 0001:0000d0c0       ?adjust_job_count_estimate@private_server@rml@internal@tbb@@UAEXH@Z 1000e0c0 f   private_server.obj
 0001:0000d0e0       ?make_private_server@rml@internal@tbb@@YAPAVtbb_server@123@AAVtbb_client@123@@Z 1000e0e0 f   private_server.obj
 0001:0000d170       ?allocate@?$cache_aligned_allocator@Vpadded_private_worker@rml@internal@tbb@@@tbb@@QAEPAVpadded_private_worker@rml@internal@2@IPBX@Z 1000e170 f i private_server.obj
 0001:0000d210       ?open@tbb_factory@rml@internal@tbb@@QAE?AW4status_type@factory@2@XZ 1000e210 f   rml_tbb.obj
 0001:0000d330       ??1bad_last_alloc@tbb@@UAE@XZ 1000e330 f i tbb_misc.obj
 0001:0000d330       ??1bad_alloc@std@@UAE@XZ   1000e330 f i tbb_misc.obj
 0001:0000d340       ??_Gbad_last_alloc@tbb@@UAEPAXI@Z 1000e340 f i tbb_misc.obj
 0001:0000d340       ??_Ebad_alloc@std@@UAEPAXI@Z 1000e340 f i * CIL library *:* CIL module *
 0001:0000d340       ??_Gbad_alloc@std@@UAEPAXI@Z 1000e340 f i tbb_misc.obj
 0001:0000d340       ??_Ebad_last_alloc@tbb@@UAEPAXI@Z 1000e340 f i * CIL library *:* CIL module *
 0001:0000d370       ?set_assertion_handler@tbb@@YAP6AXPBDH00@ZP6AX0H00@Z@Z 1000e370 f   tbb_misc.obj
 0001:0000d390       ?assertion_failure@tbb@@YAXPBDH00@Z 1000e390 f   tbb_misc.obj
 0001:0000d410       ?runtime_warning@internal@tbb@@YAXPBDZZ 1000e410 f   tbb_misc.obj
 0001:0000d480       ??_Einvalid_argument@std@@UAEPAXI@Z 1000e480 f i * CIL library *:* CIL module *
 0001:0000d480       ??_Glength_error@std@@UAEPAXI@Z 1000e480 f i tbb_misc.obj
 0001:0000d480       ??_Elength_error@std@@UAEPAXI@Z 1000e480 f i * CIL library *:* CIL module *
 0001:0000d480       ??_Ginvalid_multiple_scheduling@tbb@@UAEPAXI@Z 1000e480 f i tbb_misc.obj
 0001:0000d480       ??_Eout_of_range@std@@UAEPAXI@Z 1000e480 f i * CIL library *:* CIL module *
 0001:0000d480       ??_Grange_error@std@@UAEPAXI@Z 1000e480 f i tbb_misc.obj
 0001:0000d480       ??_Gmissing_wait@tbb@@UAEPAXI@Z 1000e480 f i tbb_misc.obj
 0001:0000d480       ??_Eimproper_lock@tbb@@UAEPAXI@Z 1000e480 f i * CIL library *:* CIL module *
 0001:0000d480       ??_Gruntime_error@std@@UAEPAXI@Z 1000e480 f i tbb_misc.obj
 0001:0000d480       ??_Guser_abort@tbb@@UAEPAXI@Z 1000e480 f i tbb_misc.obj
 0001:0000d480       ??_Erange_error@std@@UAEPAXI@Z 1000e480 f i * CIL library *:* CIL module *
 0001:0000d480       ??_Elogic_error@std@@UAEPAXI@Z 1000e480 f i * CIL library *:* CIL module *
 0001:0000d480       ??_Euser_abort@tbb@@UAEPAXI@Z 1000e480 f i * CIL library *:* CIL module *
 0001:0000d480       ??_Glogic_error@std@@UAEPAXI@Z 1000e480 f i tbb_misc.obj
 0001:0000d480       ??_Gimproper_lock@tbb@@UAEPAXI@Z 1000e480 f i tbb_misc.obj
 0001:0000d480       ??_Eruntime_error@std@@UAEPAXI@Z 1000e480 f i * CIL library *:* CIL module *
 0001:0000d480       ??_Gout_of_range@std@@UAEPAXI@Z 1000e480 f i tbb_misc.obj
 0001:0000d480       ??_Ginvalid_argument@std@@UAEPAXI@Z 1000e480 f i tbb_misc.obj
 0001:0000d480       ??_Einvalid_multiple_scheduling@tbb@@UAEPAXI@Z 1000e480 f i * CIL library *:* CIL module *
 0001:0000d480       ??_Emissing_wait@tbb@@UAEPAXI@Z 1000e480 f i * CIL library *:* CIL module *
 0001:0000d4b0       ??1user_abort@tbb@@UAE@XZ  1000e4b0 f i tbb_misc.obj
 0001:0000d4b0       ??1runtime_error@std@@UAE@XZ 1000e4b0 f i tbb_misc.obj
 0001:0000d4b0       ??1invalid_multiple_scheduling@tbb@@UAE@XZ 1000e4b0 f i tbb_misc.obj
 0001:0000d4b0       ??1out_of_range@std@@UAE@XZ 1000e4b0 f i tbb_misc.obj
 0001:0000d4b0       ??1length_error@std@@UAE@XZ 1000e4b0 f i tbb_misc.obj
 0001:0000d4b0       ??1improper_lock@tbb@@UAE@XZ 1000e4b0 f i tbb_misc.obj
 0001:0000d4b0       ??1invalid_argument@std@@UAE@XZ 1000e4b0 f i tbb_misc.obj
 0001:0000d4b0       ??1missing_wait@tbb@@UAE@XZ 1000e4b0 f i tbb_misc.obj
 0001:0000d4b0       ??1range_error@std@@UAE@XZ 1000e4b0 f i tbb_misc.obj
 0001:0000d4b0       ??1tbb_exception@tbb@@UAE@XZ 1000e4b0 f i task_group_context.obj
 0001:0000d4c0       ??0runtime_error@std@@QAE@ABV01@@Z 1000e4c0 f i tbb_misc.obj
 0001:0000d4e0       ?what@bad_last_alloc@tbb@@UBEPBDXZ 1000e4e0 f   tbb_misc.obj
 0001:0000d4f0       ?what@improper_lock@tbb@@UBEPBDXZ 1000e4f0 f   tbb_misc.obj
 0001:0000d500       ?what@user_abort@tbb@@UBEPBDXZ 1000e500 f   tbb_misc.obj
 0001:0000d510       ?what@invalid_multiple_scheduling@tbb@@UBEPBDXZ 1000e510 f   tbb_misc.obj
 0001:0000d520       ?what@missing_wait@tbb@@UBEPBDXZ 1000e520 f   tbb_misc.obj
 0001:0000d530       ?handle_perror@internal@tbb@@YAXHPBD@Z 1000e530 f   tbb_misc.obj
 0001:0000d5b0       ?handle_win_error@internal@tbb@@YAXH@Z 1000e5b0 f   tbb_misc.obj
 0001:0000d620       ?throw_bad_last_alloc_exception_v4@internal@tbb@@YAXXZ 1000e620 f   tbb_misc.obj
 0001:0000d660       ?throw_exception_v4@internal@tbb@@YAXW4exception_id@12@@Z 1000e660 f   tbb_misc.obj
 0001:0000da20       ??0bad_alloc@std@@QAE@ABV01@@Z 1000ea20 f i tbb_misc.obj
 0001:0000da40       ??0bad_last_alloc@tbb@@QAE@ABV01@@Z 1000ea40 f i tbb_misc.obj
 0001:0000da60       ??0invalid_argument@std@@QAE@ABV01@@Z 1000ea60 f i tbb_misc.obj
 0001:0000da80       ??0logic_error@std@@QAE@ABV01@@Z 1000ea80 f i tbb_misc.obj
 0001:0000daa0       ??0out_of_range@std@@QAE@ABV01@@Z 1000eaa0 f i tbb_misc.obj
 0001:0000dac0       ??0range_error@std@@QAE@ABV01@@Z 1000eac0 f i tbb_misc.obj
 0001:0000dae0       ??0missing_wait@tbb@@QAE@ABV01@@Z 1000eae0 f i tbb_misc.obj
 0001:0000db00       ??0invalid_multiple_scheduling@tbb@@QAE@ABV01@@Z 1000eb00 f i tbb_misc.obj
 0001:0000db20       ??0improper_lock@tbb@@QAE@ABV01@@Z 1000eb20 f i tbb_misc.obj
 0001:0000db40       ??0length_error@std@@QAE@ABV01@@Z 1000eb40 f i tbb_misc.obj
 0001:0000db60       ??0user_abort@tbb@@QAE@ABV01@@Z 1000eb60 f i tbb_misc.obj
 0001:0000db80       ?PrintExtraVersionInfo@internal@tbb@@YAXPBD0ZZ 1000eb80 f   tbb_misc.obj
 0001:0000dc00       ?PrintRMLVersionInfo@internal@tbb@@YAXPAXPBD@Z 1000ec00 f   tbb_misc.obj
 0001:0000dc20       _TBB_runtime_interface_version 1000ec20 f   tbb_misc.obj
 0001:0000dc30       ___TBB_machine_store8_slow 1000ec30 f   tbb_misc.obj
 0001:0000dee0       ?FindProcessorGroupIndex@internal@tbb@@YAHH@Z 1000eee0 f   tbb_misc_ex.obj
 0001:0000df90       ?local_scheduler_weak@governor@internal@tbb@@SAPAVgeneric_scheduler@23@XZ 1000ef90 f i task.obj
 0001:0000dfe0       ?master_outermost_level@generic_scheduler@internal@tbb@@QBE_NXZ 1000efe0 f i task.obj
 0001:0000e000       ?allocate@allocate_root_proxy@internal@tbb@@SAAAVtask@3@I@Z 1000f000 f   task.obj
 0001:0000e070       ?free@allocate_root_proxy@internal@tbb@@SAXAAVtask@3@@Z 1000f070 f   task.obj
 0001:0000e0e0       ?allocate@allocate_root_with_context_proxy@internal@tbb@@QBEAAVtask@3@I@Z 1000f0e0 f   task.obj
 0001:0000e1d0       ?free@allocate_child_proxy@internal@tbb@@QBEXAAVtask@3@@Z 1000f1d0 f   task.obj
 0001:0000e1d0       ?free@allocate_root_with_context_proxy@internal@tbb@@QBEXAAVtask@3@@Z 1000f1d0 f   task.obj
 0001:0000e250       ?allocate@allocate_continuation_proxy@internal@tbb@@QBEAAVtask@3@I@Z 1000f250 f   task.obj
 0001:0000e2c0       ?free@allocate_continuation_proxy@internal@tbb@@QBEXAAVtask@3@@Z 1000f2c0 f   task.obj
 0001:0000e340       ?allocate@allocate_child_proxy@internal@tbb@@QBEAAVtask@3@I@Z 1000f340 f   task.obj
 0001:0000e3a0       ?allocate@allocate_additional_child_of_proxy@internal@tbb@@QBEAAVtask@3@I@Z 1000f3a0 f   task.obj
 0001:0000e410       ?free@allocate_additional_child_of_proxy@internal@tbb@@QBEXAAVtask@3@@Z 1000f410 f   task.obj
 0001:0000e4c0       ?get_initial_auto_partitioner_divisor@internal@tbb@@YAIXZ 1000f4c0 f   task.obj
 0001:0000e500       ?resize@affinity_partitioner_base_v3@internal@tbb@@AAEXI@Z 1000f500 f   task.obj
 0001:0000e5a0       ?internal_set_ref_count@task@tbb@@AAEXH@Z 1000f5a0 f   task.obj
 0001:0000e5d0       ?internal_decrement_ref_count@task@tbb@@AAEHXZ 1000f5d0 f   task.obj
 0001:0000e610       ?self@task@tbb@@SAAAV12@XZ 1000f610 f   task.obj
 0001:0000e660       ?is_owned_by_current_thread@task@tbb@@QBE_NXZ 1000f660 f   task.obj
 0001:0000e670       ?destroy@task_base@internal@interface5@tbb@@SAXAAVtask@4@@Z 1000f670 f   task.obj
 0001:0000e740       ?spawn_and_wait_for_all@task@tbb@@QAEXAAVtask_list@2@@Z 1000f740 f   task.obj
 0001:0000e7b0       ?change_group@task@tbb@@QAEXAAVtask_group_context@2@@Z 1000f7b0 f   task.obj
 0001:0000e880       ??1exception_ptr@std@@QAE@XZ 1000f880 f i task_group_context.obj
 0001:0000e890       ?_Current_exception@exception_ptr@std@@SA?AV12@XZ 1000f890 f i task_group_context.obj
 0001:0000e900       ?_Copy_exception@exception_ptr@std@@SA?AV12@PAXPBX@Z 1000f900 f i task_group_context.obj
 0001:0000e990       ?current_exception@std@@YA?AVexception_ptr@1@XZ 1000f990 f i task_group_context.obj
 0001:0000e9b0       ?get_env@cpu_ctl_env@internal@tbb@@QAEXXZ 1000f9b0 f i task_group_context.obj
 0001:0000e9d0       ??0captured_exception@tbb@@QAE@ABV01@@Z 1000f9d0 f i task_group_context.obj
 0001:0000ea10       ?throw_self@captured_exception@tbb@@UAEXXZ 1000fa10 f i task_group_context.obj
 0001:0000ea90       ??_Gcaptured_exception@tbb@@UAEPAXI@Z 1000fa90 f i task_group_context.obj
 0001:0000ea90       ??_Ecaptured_exception@tbb@@UAEPAXI@Z 1000fa90 f i * CIL library *:* CIL module *
 0001:0000eae0       ??0tbb_exception@tbb@@QAE@ABV01@@Z 1000fae0 f i task_group_context.obj
 0001:0000eb00       ??_Etbb_exception@tbb@@UAEPAXI@Z 1000fb00 f i * CIL library *:* CIL module *
 0001:0000eb00       ??_Gtbb_exception@tbb@@UAEPAXI@Z 1000fb00 f i task_group_context.obj
 0001:0000eb30       ??0tbb_exception_ptr@internal@tbb@@QAE@ABVcaptured_exception@2@@Z 1000fb30 f i task_group_context.obj
 0001:0000ebc0       ?duplicate_string@tbb@@YAPADPBD@Z 1000fbc0 f i task_group_context.obj
 0001:0000ec40       ??1captured_exception@tbb@@UAE@XZ 1000fc40 f   task_group_context.obj
 0001:0000ec80       ?set@captured_exception@tbb@@QAEXPBD0@Z 1000fc80 f   task_group_context.obj
 0001:0000ecb0       ?clear@captured_exception@tbb@@QAEXXZ 1000fcb0 f   task_group_context.obj
 0001:0000ece0       ?move@captured_exception@tbb@@UAEPAV12@XZ 1000fce0 f   task_group_context.obj
 0001:0000ed60       ?destroy@captured_exception@tbb@@UAEXXZ 1000fd60 f   task_group_context.obj
 0001:0000edb0       ?allocate@captured_exception@tbb@@SAPAV12@PBD0@Z 1000fdb0 f   task_group_context.obj
 0001:0000ee70       ?name@captured_exception@tbb@@UBEPBDXZ 1000fe70 f   task_group_context.obj
 0001:0000ee80       ?what@captured_exception@tbb@@UBEPBDXZ 1000fe80 f   task_group_context.obj
 0001:0000ee90       ?allocate@tbb_exception_ptr@internal@tbb@@SAPAV123@XZ 1000fe90 f   task_group_context.obj
 0001:0000ee90       ?allocate@tbb_exception_ptr@internal@tbb@@SAPAV123@ABVtbb_exception@3@@Z 1000fe90 f   task_group_context.obj
 0001:0000ef00       ?allocate@tbb_exception_ptr@internal@tbb@@SAPAV123@AAVcaptured_exception@3@@Z 1000ff00 f   task_group_context.obj
 0001:0000ef20       ??1task_group_context@tbb@@QAE@XZ 1000ff20 f   task_group_context.obj
 0001:0000f0f0       ?init@task_group_context@tbb@@IAEXXZ 100100f0 f   task_group_context.obj
 0001:0000f150       ?register_with@task_group_context@tbb@@QAEXPAVgeneric_scheduler@internal@2@@Z 10010150 f   task_group_context.obj
 0001:0000f200       ?bind_to@task_group_context@tbb@@QAEXPAVgeneric_scheduler@internal@2@@Z 10010200 f   task_group_context.obj
 0001:0000f2f0       ?cancel_group_execution@task_group_context@tbb@@QAE_NXZ 100102f0 f   task_group_context.obj
 0001:0000f330       ?is_group_execution_cancelled@task_group_context@tbb@@QBE_NXZ 10010330 f   task_group_context.obj
 0001:0000f340       ?reset@task_group_context@tbb@@QAEXXZ 10010340 f   task_group_context.obj
 0001:0000f380       ?capture_fp_settings@task_group_context@tbb@@QAEXXZ 10010380 f   task_group_context.obj
 0001:0000f3a0       ?register_pending_exception@task_group_context@tbb@@QAEXXZ 100103a0 f   task_group_context.obj
 0001:0000f4e0       ?set_priority@task_group_context@tbb@@QAEXW4priority_t@2@@Z 100104e0 f   task_group_context.obj
 0001:0000f570       ?priority@task_group_context@tbb@@QBE?AW4priority_t@2@XZ 10010570 f   task_group_context.obj
 0001:0000f580       ??$make_exception_ptr@Vcaptured_exception@tbb@@@std@@YA?AVexception_ptr@0@Vcaptured_exception@tbb@@@Z 10010580 f i task_group_context.obj
 0001:0000f610       ??$AllocateExceptionContainer@Vexception_ptr@std@@@internal@tbb@@YAPAVtbb_exception_ptr@01@ABVexception_ptr@std@@@Z 10010610 f i task_group_context.obj
 0001:0000f6a0       ??$AllocateExceptionContainer@Vcaptured_exception@tbb@@@internal@tbb@@YAPAVtbb_exception_ptr@01@ABVcaptured_exception@1@@Z 100106a0 f i task_group_context.obj
 0001:0000f730       ??$propagate_task_group_state@I@market@internal@tbb@@QAE_NPQtask_group_context@2@IAAV32@I@Z 10010730 f i task_group_context.obj
 0001:0000f7e0       ??$propagate_task_group_state@H@market@internal@tbb@@QAE_NPQtask_group_context@2@HAAV32@H@Z 100107e0 f i task_group_context.obj
 0001:0000f8a0       ??$propagate_task_group_state@I@generic_scheduler@internal@tbb@@QAEXPQtask_group_context@2@IAAV32@I@Z 100108a0 f i task_group_context.obj
 0001:0000f940       ??$propagate_task_group_state@H@generic_scheduler@internal@tbb@@QAEXPQtask_group_context@2@HAAV32@H@Z 10010940 f i task_group_context.obj
 0001:0000f9e0       ?initialize_cilk_interop@internal@tbb@@YA_NXZ 100109e0 f   governor.obj
 0001:0000fab0       ?acquire_resources@governor@internal@tbb@@CAXXZ 10010ab0 f   governor.obj
 0001:0000fb10       ?release_resources@governor@internal@tbb@@CAXXZ 10010b10 f   governor.obj
 0001:0000fb90       ?assume_scheduler@governor@internal@tbb@@SAXPAVgeneric_scheduler@23@@Z 10010b90 f   governor.obj
 0001:0000fbd0       ?is_set@governor@internal@tbb@@SA_NPAVgeneric_scheduler@23@@Z 10010bd0 f   governor.obj
 0001:0000fc20       ?init_scheduler@governor@internal@tbb@@SAPAVgeneric_scheduler@23@HI_N@Z 10010c20 f   governor.obj
 0001:0000fdb0       ?print_version_info@governor@internal@tbb@@SAXXZ 10010db0 f   governor.obj
 0001:0000fe10       ?stack_op_handler@governor@internal@tbb@@SAHW4__cilk_tbb_stack_op@@PAX@Z 10010e10 f   governor.obj
 0001:0000fec0       ?initialize@task_scheduler_init@tbb@@QAEXH@Z 10010ec0 f   governor.obj
 0001:0000fee0       ?initialize@task_scheduler_init@tbb@@QAEXHI@Z 10010ee0 f   governor.obj
 0001:00010000       ?internal_terminate@task_scheduler_init@tbb@@AAE_N_N@Z 10011000 f   governor.obj
 0001:00010080       ?terminate@task_scheduler_init@tbb@@QAEXXZ 10011080 f   governor.obj
 0001:00010090       ?internal_blocking_terminate@task_scheduler_init@tbb@@AAE_N_N@Z 10011090 f   governor.obj
 0001:000100e0       ??$atomic_do_once@P6A_NXZ@internal@tbb@@YAXABQ6A_NXZAAU?$atomic@W4do_once_state@internal@tbb@@@1@@Z 100110e0 f i governor.obj
 0001:00010170       ??1scoped_lock@spin_rw_mutex_v3@tbb@@QAE@XZ 10011170 f i market.obj
 0001:00010190       ?max_job_count@market@internal@tbb@@EBEIXZ 10011190 f i market.obj
 0001:000101a0       ?min_stack_size@market@internal@tbb@@EBEIXZ 100111a0 f i market.obj
 0001:000101b0       ?policy@market@internal@tbb@@EBE?AW4policy_type@client@rml@@XZ 100111b0 f i market.obj
 0001:000101c0       ?recall_by_mandatory_request@arena@internal@tbb@@QBE_NXZ 100111c0 f i market.obj
 0001:000101e0       ??0market@internal@tbb@@AAE@III@Z 100111e0 f   market.obj
 0001:00010330       ?global_market@market@internal@tbb@@CAAAV123@_NII@Z 10011330 f   market.obj
 0001:00010600       ?release@market@internal@tbb@@QAE_N_N0@Z 10011600 f   market.obj
 0001:000106c0       ?set_active_num_workers@market@internal@tbb@@SAXI@Z 100116c0 f   market.obj
 0001:00010890       ?create_arena@market@internal@tbb@@SAPAVarena@23@HHI@Z 10011890 f   market.obj
 0001:00010910       ?try_destroy_arena@market@internal@tbb@@QAEXPAVarena@23@I@Z 10011910 f   market.obj
 0001:00010a20       ?arena_in_need@market@internal@tbb@@AAEPAVarena@23@AAV?$intrusive_list@Varena@internal@tbb@@@23@AAPAV423@@Z 10011a20 f   market.obj
 0001:00010a90       ?update_allotment@market@internal@tbb@@CAHAAV?$intrusive_list@Varena@internal@tbb@@@23@HH@Z 10011a90 f   market.obj
 0001:00010b20       ?update_global_top_priority@market@internal@tbb@@AAEXH@Z 10011b20 f i market.obj
 0001:00010b50       ?reset_global_priority@market@internal@tbb@@AAEXXZ 10011b50 f i market.obj
 0001:00010b80       ?update_allotment@market@internal@tbb@@AAEXH@Z 10011b80 f   market.obj
 0001:00010c30       ?mandatory_concurrency_enable_impl@market@internal@tbb@@QAE_NPAVarena@23@PA_N@Z 10011c30 f   market.obj
 0001:00010cc0       ?mandatory_concurrency_enable@market@internal@tbb@@QAE_NPAVarena@23@@Z 10011cc0 f   market.obj
 0001:00010d10       ?mandatory_concurrency_disable@market@internal@tbb@@QAEXPAVarena@23@@Z 10011d10 f   market.obj
 0001:00010e70       ?adjust_demand@market@internal@tbb@@QAEXAAVarena@23@H@Z 10011e70 f   market.obj
 0001:000110d0       ?process@market@internal@tbb@@EAEXAAVjob@rml@@@Z 100120d0 f   market.obj
 0001:00011170       ?cleanup@market@internal@tbb@@EAEXAAVjob@rml@@@Z 10012170 f   market.obj
 0001:00011250       ?acknowledge_close_connection@market@internal@tbb@@EAEXXZ 10012250 f   market.obj
 0001:00011280       ?create_one_job@market@internal@tbb@@EAEPAVjob@rml@@XZ 10012280 f   market.obj
 0001:000112d0       ?update_arena_top_priority@market@internal@tbb@@AAEXAAVarena@23@H@Z 100122d0 f   market.obj
 0001:000113c0       ?lower_arena_priority@market@internal@tbb@@QAE_NAAVarena@23@HI@Z 100123c0 f   market.obj
 0001:00011490       ?update_arena_priority@market@internal@tbb@@QAE_NAAVarena@23@H@Z 10012490 f   market.obj
 0001:00011590       ?set_env@cpu_ctl_env@internal@tbb@@QBEXXZ 10012590 f i arena.obj
 0001:000115b0       ?throw_self@tbb_exception_ptr@internal@tbb@@QAEXXZ 100125b0 f i arena.obj
 0001:00011620       ?notify_one@concurrent_monitor@internal@tbb@@QAEXXZ 10012620 f i arena.obj
 0001:00011670       ??1cpu_ctl_env_helper@internal@tbb@@QAE@XZ 10012670 f i arena.obj
 0001:00011690       ?set_env@cpu_ctl_env_helper@internal@tbb@@QAEXPBVtask_group_context@3@@Z 10012690 f i arena.obj
 0001:000116c0       ?restore_default@cpu_ctl_env_helper@internal@tbb@@QAEXXZ 100126c0 f i arena.obj
 0001:000116f0       ?occupy_free_slot_in_range@arena@internal@tbb@@QAEIAAVgeneric_scheduler@23@II@Z 100126f0 f   arena.obj
 0001:000117e0       ?process@arena@internal@tbb@@QAEXAAVgeneric_scheduler@23@@Z 100127e0 f   arena.obj
 0001:00011940       ??0arena@internal@tbb@@QAE@AAVmarket@12@II@Z 10012940 f   arena.obj
 0001:00011aa0       ??1?$padded@Uarena_base@internal@tbb@@$0IA@@internal@tbb@@QAE@XZ 10012aa0 f i arena.obj
 0001:00011ac0       ??0arena_base@internal@tbb@@QAE@XZ 10012ac0 f i arena.obj
 0001:00011b60       ?allocate_arena@arena@internal@tbb@@SAAAV123@AAVmarket@23@II@Z 10012b60 f   arena.obj
 0001:00011c90       ?free_arena@arena@internal@tbb@@QAEXXZ 10012c90 f   arena.obj
 0001:00011de0       ?may_have_tasks@arena@internal@tbb@@QAE_NPAVgeneric_scheduler@23@AA_N1@Z 10012de0 f i arena.obj
 0001:00011e50       ?orphan_offloaded_tasks@arena@internal@tbb@@QAEXAAVgeneric_scheduler@23@@Z 10012e50 f   arena.obj
 0001:00011ea0       ?restore_priority_if_need@arena@internal@tbb@@AAEXXZ 10012ea0 f   arena.obj
 0001:00011f10       ?is_out_of_work@arena@internal@tbb@@QAE_NXZ 10012f10 f   arena.obj
 0001:00012190       ?enqueue_task@arena@internal@tbb@@QAEXAAVtask@3@HAAVFastRandom@23@@Z 10013190 f   arena.obj
 0001:00012230       ??0nested_arena_context@internal@tbb@@QAE@PAVgeneric_scheduler@12@PAVarena@12@I_N2@Z 10013230 f i arena.obj
 0001:00012320       ??1nested_arena_context@internal@tbb@@QAE@XZ 10013320 f i arena.obj
 0001:000123d0       ?nested_arena_entry@generic_scheduler@internal@tbb@@QAEXPAVarena@23@I@Z 100133d0 f   arena.obj
 0001:000124d0       ?nested_arena_exit@generic_scheduler@internal@tbb@@QAEXXZ 100134d0 f   arena.obj
 0001:00012590       ??0auto_empty_task@internal@tbb@@QAE@PAVgeneric_scheduler@12@PAVtask_group_context@2@@Z 10013590 f i arena.obj
 0001:00012630       ??1auto_empty_task@internal@tbb@@QAE@XZ 10013630 f i arena.obj
 0001:00012650       ?internal_initialize@task_arena_base@internal@interface7@tbb@@IAEXXZ 10013650 f   arena.obj
 0001:00012860       ?internal_terminate@task_arena_base@internal@interface7@tbb@@IAEXXZ 10013860 f   arena.obj
 0001:000128e0       ?internal_attach@task_arena_base@internal@interface7@tbb@@IAEXXZ 100138e0 f   arena.obj
 0001:00012950       ?internal_enqueue@task_arena_base@internal@interface7@tbb@@IBEXAAVtask@4@H@Z 10013950 f   arena.obj
 0001:00012980       ?execute@delegated_task@internal@interface7@tbb@@EAEPAVtask@4@XZ 10013980 f i arena.obj
 0001:00012a30       ??_Gdelegated_task@internal@interface7@tbb@@EAEPAXI@Z 10013a30 f i arena.obj
 0001:00012a30       ??_Edelegated_task@internal@interface7@tbb@@EAEPAXI@Z 10013a30 f i * CIL library *:* CIL module *
 0001:00012a70       ?internal_execute@task_arena_base@internal@interface7@tbb@@IBEXAAVdelegate_base@234@@Z 10013a70 f   arena.obj
 0001:00012f40       ?execute@wait_task@internal@interface7@tbb@@EAEPAVtask@4@XZ 10013f40 f i arena.obj
 0001:00012fa0       ?internal_wait@task_arena_base@internal@interface7@tbb@@IBEXXZ 10013fa0 f   arena.obj
 0001:00013210       ?internal_current_slot@task_arena_base@internal@interface7@tbb@@KAHXZ 10014210 f   arena.obj
 0001:00013230       ??1isolation_guard@internal@interface7@tbb@@QAE@XZ 10014230 f i arena.obj
 0001:00013240       ?isolate_within_arena@internal@interface7@tbb@@YAXAAVdelegate_base@123@H@Z 10014240 f   arena.obj
 0001:000132e0       ?internal_max_concurrency@task_arena_base@internal@interface7@tbb@@KAHPBVtask_arena@34@@Z 100142e0 f   arena.obj
 0001:00013350       ?initialize@?$task_stream@$02@internal@tbb@@QAEXI@Z 10014350 f i arena.obj
 0001:00013440       ??1?$task_stream@$02@internal@tbb@@QAE@XZ 10014440 f i arena.obj
 0001:00013480       ?push@?$task_stream@$02@internal@tbb@@QAEXPAVtask@3@HAAVFastRandom@23@@Z 10014480 f i arena.obj
 0001:00013540       ?execute@?$function_task@Vspawn_functor@graph@interface10@flow@tbb@@@internal@tbb@@EAEPAVtask@3@XZ 10014540 f i arena.obj
 0001:00013560       ??0?$padded@U?$queue_and_mutex@PAVtask@tbb@@Vspin_mutex@2@@internal@tbb@@$0IA@@internal@tbb@@QAE@XZ 10014560 f i arena.obj
 0001:00013580       ??1?$padded@U?$queue_and_mutex@PAVtask@tbb@@Vspin_mutex@2@@internal@tbb@@$0IA@@internal@tbb@@QAE@XZ 10014580 f i arena.obj
 0001:000135a0       ?push_back@?$deque@PAVtask@tbb@@V?$tbb_allocator@PAVtask@tbb@@@2@@std@@QAEXABQAVtask@tbb@@@Z 100145a0 f i arena.obj
 0001:00013660       ?_Growmap@?$deque@PAVtask@tbb@@V?$tbb_allocator@PAVtask@tbb@@@2@@std@@IAEXI@Z 10014660 f i arena.obj
 0001:000137e0       ?_Tidy@?$deque@PAVtask@tbb@@V?$tbb_allocator@PAVtask@tbb@@@2@@std@@IAEXXZ 100147e0 f i arena.obj
 0001:00013840       ??0?$_Deque_alloc@$0A@U?$_Deque_base_types@PAVtask@tbb@@V?$tbb_allocator@PAVtask@tbb@@@2@@std@@@std@@QAE@ABV?$tbb_allocator@PAVtask@tbb@@@tbb@@@Z 10014840 f i arena.obj
 0001:000138d0       ??$occupy_free_slot@$00@arena@internal@tbb@@QAEIAAVgeneric_scheduler@12@@Z 100148d0 f i arena.obj
 0001:00013950       ??$advertise_new_work@$01@arena@internal@tbb@@QAEXXZ 10014950 f i arena.obj
 0001:00013a10       ??$on_thread_leaving@$00@arena@internal@tbb@@QAEXXZ 10014a10 f i arena.obj
 0001:00013a80       ??$occupy_free_slot@$0A@@arena@internal@tbb@@QAEIAAVgeneric_scheduler@12@@Z 10014a80 f i arena.obj
 0001:00013b10       ??$notify_relaxed@Vdelegated_task@internal@interface7@tbb@@@concurrent_monitor@internal@tbb@@QAEXABVdelegated_task@1interface7@2@@Z 10014b10 f i arena.obj
 0001:00013bd0       ??$_Uninit_def_fill_n@PAPAPAVtask@tbb@@IV?$tbb_allocator@PAPAVtask@tbb@@@2@PAPAV12@@std@@YAXPAPAPAVtask@tbb@@IAAU?$_Wrap_alloc@V?$tbb_allocator@PAPAVtask@tbb@@@tbb@@@0@0U_Nonscalar_ptr_iterator_tag@0@@Z 10014bd0 f i arena.obj
 0001:00013bf0       ??$_Uninit_copy@PAPAPAVtask@tbb@@PAPAPAV12@V?$tbb_allocator@PAPAVtask@tbb@@@2@@std@@YAPAPAPAVtask@tbb@@PAPAPAV12@00AAU?$_Wrap_alloc@V?$tbb_allocator@PAPAVtask@tbb@@@tbb@@@0@U_Nonscalar_ptr_iterator_tag@0@@Z 10014bf0 f i arena.obj
 0001:00013c30       ?prolonged_pause@internal@tbb@@YAXXZ 10014c30 f i scheduler.obj
 0001:00013c90       ?allocate_task_pool@arena_slot@internal@tbb@@QAEXI@Z 10014c90 f i scheduler.obj
 0001:00013d40       ?internal_pop@mail_outbox@internal@tbb@@AAEPAUtask_proxy@23@H@Z 10014d40 f i scheduler.obj
 0001:00013dd0       ?reset_task_pool_and_leave@generic_scheduler@internal@tbb@@QAEXXZ 10014dd0 f i scheduler.obj
 0001:00013e20       ?effective_reference_priority@generic_scheduler@internal@tbb@@QBEHXZ 10014e20 f i scheduler.obj
 0001:00013e60       ??1scheduler@internal@tbb@@UAE@XZ 10014e60 f   scheduler.obj
 0001:00013e70       ??0generic_scheduler@internal@tbb@@IAE@AAVmarket@12@@Z 10014e70 f   scheduler.obj
 0001:00014010       ??_E?$custom_scheduler@UDefaultSchedulerTraits@internal@tbb@@@internal@tbb@@UAEPAXI@Z 10015010 f i * CIL library *:* CIL module *
 0001:00014010       ??_G?$custom_scheduler@UIntelSchedulerTraits@internal@tbb@@@internal@tbb@@UAEPAXI@Z 10015010 f i scheduler.obj
 0001:00014010       ??_E?$custom_scheduler@UIntelSchedulerTraits@internal@tbb@@@internal@tbb@@UAEPAXI@Z 10015010 f i * CIL library *:* CIL module *
 0001:00014010       ??_G?$custom_scheduler@UDefaultSchedulerTraits@internal@tbb@@@internal@tbb@@UAEPAXI@Z 10015010 f i scheduler.obj
 0001:00014010       ??_Ggeneric_scheduler@internal@tbb@@UAEPAXI@Z 10015010 f i scheduler.obj
 0001:00014010       ??_Egeneric_scheduler@internal@tbb@@UAEPAXI@Z 10015010 f i * CIL library *:* CIL module *
 0001:00014040       ?cleanup_local_context_list@generic_scheduler@internal@tbb@@QAEXXZ 10015040 f   scheduler.obj
 0001:000140f0       ?free_scheduler@generic_scheduler@internal@tbb@@QAEXXZ 100150f0 f   scheduler.obj
 0001:00014190       ?allocate_task@generic_scheduler@internal@tbb@@QAEAAVtask@3@IPAV43@PAVtask_group_context@3@@Z 10015190 f   scheduler.obj
 0001:00014240       ?free_nonlocal_small_task@generic_scheduler@internal@tbb@@QAEXAAVtask@3@@Z 10015240 f   scheduler.obj
 0001:000142c0       ?prepare_task_pool@generic_scheduler@internal@tbb@@QAEII@Z 100152c0 f i scheduler.obj
 0001:00014400       ?acquire_task_pool@generic_scheduler@internal@tbb@@QBEXXZ 10015400 f i scheduler.obj
 0001:000144a0       ?release_task_pool@generic_scheduler@internal@tbb@@QBEXXZ 100154a0 f i scheduler.obj
 0001:000144d0       ?lock_task_pool@generic_scheduler@internal@tbb@@QBEPAPAVtask@3@PAUarena_slot@23@@Z 100154d0 f i scheduler.obj
 0001:00014590       ?prepare_for_spawning@generic_scheduler@internal@tbb@@QAEPAVtask@3@PAV43@@Z 10015590 f i scheduler.obj
 0001:00014630       ?local_spawn@generic_scheduler@internal@tbb@@QAEXPAVtask@3@AAPAV43@@Z 10015630 f   scheduler.obj
 0001:00014940       ?local_spawn_root_and_wait@generic_scheduler@internal@tbb@@QAEXPAVtask@3@AAPAV43@@Z 10015940 f   scheduler.obj
 0001:00014a00       ?spawn@generic_scheduler@internal@tbb@@UAEXAAVtask@3@AAPAV43@@Z 10015a00 f   scheduler.obj
 0001:00014a40       ?spawn_root_and_wait@generic_scheduler@internal@tbb@@UAEXAAVtask@3@AAPAV43@@Z 10015a40 f   scheduler.obj
 0001:00014a80       ?enqueue@generic_scheduler@internal@tbb@@UAEXAAVtask@3@PAX@Z 10015a80 f   scheduler.obj
 0001:00014ac0       ??1auto_indicator@internal@tbb@@QAE@XZ 10015ac0 f i scheduler.obj
 0001:00014ad0       ?get_task_and_activate_task_pool@generic_scheduler@internal@tbb@@QAEPAVtask@3@IIH@Z 10015ad0 f   scheduler.obj
 0001:00014be0       ?winnow_task_pool@generic_scheduler@internal@tbb@@QAEPAVtask@3@H@Z 10015be0 f   scheduler.obj
 0001:00014cc0       ?reload_tasks@generic_scheduler@internal@tbb@@QAEPAVtask@3@AAPAV43@AAPAPAV43@HH@Z 10015cc0 f   scheduler.obj
 0001:00014ff0       ?reload_tasks@generic_scheduler@internal@tbb@@QAEPAVtask@3@H@Z 10015ff0 f   scheduler.obj
 0001:000150c0       ?get_task@generic_scheduler@internal@tbb@@QAEPAVtask@3@IHAA_N@Z 100160c0 f i scheduler.obj
 0001:00015180       ?get_task@generic_scheduler@internal@tbb@@QAEPAVtask@3@H@Z 10016180 f i scheduler.obj
 0001:00015310       ?steal_task@generic_scheduler@internal@tbb@@QAEPAVtask@3@AAUarena_slot@23@H@Z 10016310 f   scheduler.obj
 0001:00015400       ?get_mailbox_task@generic_scheduler@internal@tbb@@QAEPAVtask@3@H@Z 10016400 f   scheduler.obj
 0001:000154c0       ?create_worker@generic_scheduler@internal@tbb@@SAPAV123@AAVmarket@23@I@Z 100164c0 f   scheduler.obj
 0001:00015580       ?create_master@generic_scheduler@internal@tbb@@SAPAV123@PAVarena@23@@Z 10016580 f   scheduler.obj
 0001:00015810       ?cleanup_master@generic_scheduler@internal@tbb@@QAE_N_N@Z 10016810 f   scheduler.obj
 0001:000159a0       ?wait_for_all@?$custom_scheduler@UDefaultSchedulerTraits@internal@tbb@@@internal@tbb@@EAEXAAVtask@3@PAV43@@Z 100169a0 f i scheduler.obj
 0001:000159e0       ?allocate_scheduler@?$custom_scheduler@UDefaultSchedulerTraits@internal@tbb@@@internal@tbb@@SAPAVgeneric_scheduler@23@AAVmarket@23@@Z 100169e0 f i scheduler.obj
 0001:00015ab0       ?wait_for_all@?$custom_scheduler@UIntelSchedulerTraits@internal@tbb@@@internal@tbb@@EAEXAAVtask@3@PAV43@@Z 10016ab0 f i scheduler.obj
 0001:00015af0       ?allocate_scheduler@?$custom_scheduler@UIntelSchedulerTraits@internal@tbb@@@internal@tbb@@SAPAVgeneric_scheduler@23@AAVmarket@23@@Z 10016af0 f i scheduler.obj
 0001:00015bc0       ??1?$fast_reverse_vector@PAVtask@tbb@@$0BA@@internal@tbb@@QAE@XZ 10016bc0 f i scheduler.obj
 0001:00015bf0       ?copy_memory@?$fast_reverse_vector@PAVtask@tbb@@$0BA@@internal@tbb@@QBEXPAPAVtask@3@@Z 10016bf0 f i scheduler.obj
 0001:00015c70       ?local_wait_for_all@?$custom_scheduler@UDefaultSchedulerTraits@internal@tbb@@@internal@tbb@@EAEXAAVtask@3@PAV43@@Z 10016c70 f i scheduler.obj
 0001:00016210       ?receive_or_steal_task@?$custom_scheduler@UDefaultSchedulerTraits@internal@tbb@@@internal@tbb@@UAEPAVtask@3@AAHH@Z 10017210 f i scheduler.obj
 0001:000166d0       ?local_wait_for_all@?$custom_scheduler@UIntelSchedulerTraits@internal@tbb@@@internal@tbb@@EAEXAAVtask@3@PAV43@@Z 100176d0 f i scheduler.obj
 0001:00016c00       ?receive_or_steal_task@?$custom_scheduler@UIntelSchedulerTraits@internal@tbb@@@internal@tbb@@UAEPAVtask@3@AAHH@Z 10017c00 f i scheduler.obj
 0001:00017010       ??$advertise_new_work@$0A@@arena@internal@tbb@@QAEXXZ 10018010 f i scheduler.obj
 0001:000170a0       ??$advertise_new_work@$00@arena@internal@tbb@@QAEXXZ 100180a0 f i scheduler.obj
 0001:000170f0       ??$extract_task@$00@task_proxy@internal@tbb@@QAEPAVtask@2@XZ 100180f0 f i scheduler.obj
 0001:00017120       ??$free_task@$01@generic_scheduler@internal@tbb@@QAEXAAVtask@2@@Z 10018120 f i scheduler.obj
 0001:00017120       ??$free_task@$05@generic_scheduler@internal@tbb@@QAEXAAVtask@2@@Z 10018120 f i scheduler.obj
 0001:00017120       ??$free_task@$0A@@generic_scheduler@internal@tbb@@QAEXAAVtask@2@@Z 10018120 f i scheduler.obj
 0001:00017170       ?pop@?$task_stream@$02@internal@tbb@@QAEPAVtask@3@HAAI@Z 10018170 f i scheduler.obj
 0001:00017280       ?tally_completion_of_predecessor@?$custom_scheduler@UDefaultSchedulerTraits@internal@tbb@@@internal@tbb@@AAEXAAVtask@3@AAPAV43@H@Z 10018280 f i scheduler.obj
 0001:00017310       ?tally_completion_of_predecessor@?$custom_scheduler@UIntelSchedulerTraits@internal@tbb@@@internal@tbb@@AAEXAAVtask@3@AAPAV43@H@Z 10018310 f i scheduler.obj
 0001:00017380       ?begin@?$deque@PAVtask@tbb@@V?$tbb_allocator@PAVtask@tbb@@@2@@std@@QAE?AV?$_Deque_iterator@V?$_Deque_val@U?$_Deque_simple_types@PAVtask@tbb@@@std@@@std@@@2@XZ 10018380 f i scheduler.obj
 0001:000173a0       ?clear@observer_list@internal@tbb@@QAEXXZ 100183a0 f   observer_proxy.obj
 0001:00017420       ?insert@observer_list@internal@tbb@@QAEXPAVobserver_proxy@23@@Z 10018420 f   observer_proxy.obj
 0001:00017460       ?remove_ref@observer_list@internal@tbb@@QAEXPAVobserver_proxy@23@@Z 10018460 f   observer_proxy.obj
 0001:000174e0       ?do_notify_entry_observers@observer_list@internal@tbb@@AAEXAAPAVobserver_proxy@23@_N@Z 100184e0 f   observer_proxy.obj
 0001:00017630       ?do_notify_exit_observers@observer_list@internal@tbb@@AAEXPAVobserver_proxy@23@_N@Z 10018630 f   observer_proxy.obj
 0001:00017790       ?observe@task_scheduler_observer_v3@internal@tbb@@QAEX_N@Z 10018790 f   observer_proxy.obj
 0001:000179e0       ?terminate_auto_initialized_scheduler@governor@internal@tbb@@SAXXZ 100189e0 f i tbb_main.obj
 0001:00017a20       _ITT_DoOneTimeInitialization 10018a20 f   tbb_main.obj
 0001:00017a70       ?DoOneTimeInitializations@internal@tbb@@YAXXZ 10018a70 f   tbb_main.obj
 0001:00017c10       _DllMain@12                10018c10 f   tbb_main.obj
 0001:00017ce0       ?itt_store_pointer_with_release_v3@internal@tbb@@YAXPAX0@Z 10018ce0 f   tbb_main.obj
 0001:00017d10       ?itt_load_pointer_with_acquire_v3@internal@tbb@@YAPAXPBX@Z 10018d10 f   tbb_main.obj
 0001:00017d30       ?call_itt_notify_v5@internal@tbb@@YAXHPAX@Z 10018d30 f   tbb_main.obj
 0001:00017d80       ?itt_load_pointer_v3@internal@tbb@@YAPAXPBX@Z 10018d80 f   tbb_main.obj
 0001:00017d90       ?itt_set_sync_name_v3@internal@tbb@@YAXPAXPB_W@Z 10018d90 f   tbb_main.obj
 0001:00017db0       ?is_first_arg_preferred@control_storage@internal@tbb@@MBE_NII@Z 10018db0 f i tbb_main.obj
 0001:00017dd0       ?active_value@control_storage@internal@tbb@@MBEIXZ 10018dd0 f i tbb_main.obj
 0001:00017de0       ?default_value@allowed_parallelism_control@internal@tbb@@EBEIXZ 10018de0 f i tbb_main.obj
 0001:00017e30       ?is_first_arg_preferred@allowed_parallelism_control@internal@tbb@@EBE_NII@Z 10018e30 f i tbb_main.obj
 0001:00017e50       ?apply_active@allowed_parallelism_control@internal@tbb@@EBEXXZ 10018e50 f i tbb_main.obj
 0001:00017e60       ?active_value@allowed_parallelism_control@internal@tbb@@EBEIXZ 10018e60 f i tbb_main.obj
 0001:00017ef0       ?default_value@stack_size_control@internal@tbb@@EBEIXZ 10018ef0 f i tbb_main.obj
 0001:00017f00       ?internal_create@global_control@interface9@tbb@@AAEXXZ 10018f00 f   tbb_main.obj
 0001:00018020       ?internal_destroy@global_control@interface9@tbb@@AAEXXZ 10019020 f   tbb_main.obj
 0001:00018190       ?active_value@global_control@interface9@tbb@@CAIH@Z 10019190 f   tbb_main.obj
 0001:00018220       ?internal_grow_to_at_least@concurrent_vector_base@internal@tbb@@IAEXIIP6AXPAXI@Z@Z 10019220 f   concurrent_vector_v2.obj
 0001:00018260       ?extend_segment@helper@concurrent_vector_base@internal@tbb@@CAXAAV234@@Z 10019260 f   concurrent_vector_v2.obj
 0001:00018320       ?internal_capacity@concurrent_vector_base@internal@tbb@@IBEIXZ 10019320 f   concurrent_vector_v2.obj
 0001:00018360       ?internal_reserve@concurrent_vector_base@internal@tbb@@IAEXIII@Z 10019360 f   concurrent_vector_v2.obj
 0001:000184b0       ?internal_copy@concurrent_vector_base@internal@tbb@@IAEXABV123@IP6AXPAXPBXI@Z@Z 100194b0 f   concurrent_vector_v2.obj
 0001:000185f0       ?internal_assign@concurrent_vector_base@internal@tbb@@IAEXABV123@IP6AXPAXI@ZP6AX1PBXI@Z4@Z 100195f0 f   concurrent_vector_v2.obj
 0001:000187d0       ?internal_push_back@concurrent_vector_base@internal@tbb@@IAEPAXIAAI@Z 100197d0 f   concurrent_vector_v2.obj
 0001:000188c0       ?internal_grow_by@concurrent_vector_base@internal@tbb@@IAEIIIP6AXPAXI@Z@Z 100198c0 f   concurrent_vector_v2.obj
 0001:000188f0       ?internal_grow@concurrent_vector_base@internal@tbb@@IAEXIIIP6AXPAXI@Z@Z 100198f0 f   concurrent_vector_v2.obj
 0001:00018a90       ?internal_clear@concurrent_vector_base@internal@tbb@@IAEXP6AXPAXI@Z_N@Z 10019a90 f   concurrent_vector_v2.obj
 0001:00018b60       ??1push_finalizer@micro_queue@internal@tbb@@QAE@XZ 10019b60 f i concurrent_queue_v2.obj
 0001:00018b70       ??1pop_finalizer@micro_queue@internal@tbb@@QAE@XZ 10019b70 f i concurrent_queue_v2.obj
 0001:00018bc0       ?push@micro_queue@internal@tbb@@QAEXPBXIAAVconcurrent_queue_base@23@@Z 10019bc0 f   concurrent_queue_v2.obj
 0001:00018cb0       ?pop@micro_queue@internal@tbb@@QAE_NPAXIAAVconcurrent_queue_base@23@@Z 10019cb0 f   concurrent_queue_v2.obj
 0001:00018da0       ??0concurrent_queue_base@internal@tbb@@IAE@I@Z 10019da0 f   concurrent_queue_v2.obj
 0001:00018e70       ??_Gconcurrent_queue_base@internal@tbb@@MAEPAXI@Z 10019e70 f i concurrent_queue_v2.obj
 0001:00018e70       ??_Econcurrent_queue_base@internal@tbb@@MAEPAXI@Z 10019e70 f i * CIL library *:* CIL module *
 0001:00018ea0       ??1concurrent_queue_base@internal@tbb@@MAE@XZ 10019ea0 f   concurrent_queue_v2.obj
 0001:00018ef0       ?internal_push@concurrent_queue_base@internal@tbb@@IAEXPBX@Z 10019ef0 f   concurrent_queue_v2.obj
 0001:00018f80       ?internal_pop@concurrent_queue_base@internal@tbb@@IAEXPAX@Z 10019f80 f   concurrent_queue_v2.obj
 0001:00018fc0       ?internal_pop_if_present@concurrent_queue_base@internal@tbb@@IAE_NPAX@Z 10019fc0 f   concurrent_queue_v2.obj
 0001:00019060       ?internal_push_if_not_full@concurrent_queue_base@internal@tbb@@IAE_NPBX@Z 1001a060 f   concurrent_queue_v2.obj
 0001:00019100       ?internal_size@concurrent_queue_base@internal@tbb@@IBEHXZ 1001a100 f   concurrent_queue_v2.obj
 0001:00019120       ??0concurrent_queue_iterator_base@internal@tbb@@IAE@ABVconcurrent_queue_base@12@@Z 1001a120 f   concurrent_queue_v2.obj
 0001:000191c0       ?assign@concurrent_queue_iterator_base@internal@tbb@@IAEXABV123@@Z 1001a1c0 f   concurrent_queue_v2.obj
 0001:00019240       ?advance@concurrent_queue_iterator_base@internal@tbb@@IAEXXZ 1001a240 f   concurrent_queue_v2.obj
 0001:000192c0       ??1concurrent_queue_iterator_base@internal@tbb@@IAE@XZ 1001a2c0 f   concurrent_queue_v2.obj
 0001:000192e0       ?internal_itt_releasing@spin_rw_mutex@tbb@@CAXPAV12@@Z 1001a2e0 f   spin_rw_mutex_v2.obj
 0001:00019300       ?internal_acquire_writer@spin_rw_mutex@tbb@@CA_NPAV12@@Z 1001a300 f   spin_rw_mutex_v2.obj
 0001:000193a0       ?internal_release_writer@spin_rw_mutex@tbb@@CAXPAV12@@Z 1001a3a0 f   spin_rw_mutex_v2.obj
 0001:000193d0       ?internal_acquire_reader@spin_rw_mutex@tbb@@CAXPAV12@@Z 1001a3d0 f   spin_rw_mutex_v2.obj
 0001:00019460       ?internal_upgrade@spin_rw_mutex@tbb@@CA_NPAV12@@Z 1001a460 f   spin_rw_mutex_v2.obj
 0001:00019530       ?internal_downgrade@spin_rw_mutex@tbb@@CAXPAV12@@Z 1001a530 f   spin_rw_mutex_v2.obj
 0001:00019560       ?internal_release_reader@spin_rw_mutex@tbb@@CAXPAV12@@Z 1001a560 f   spin_rw_mutex_v2.obj
 0001:00019590       ?internal_try_acquire_writer@spin_rw_mutex@tbb@@CA_NPAV12@@Z 1001a590 f   spin_rw_mutex_v2.obj
 0001:000195f0       ?internal_try_acquire_reader@spin_rw_mutex@tbb@@CA_NPAV12@@Z 1001a5f0 f   spin_rw_mutex_v2.obj
 0001:00019650       ?destroy@task@tbb@@QAEXAAV12@@Z 1001a650 f   task_v2.obj
 0001:00019670       ___TBB_machine_fetchadd1   1001a670     atomic_support.obj
 0001:00019680       ___TBB_machine_fetchstore1 1001a680     atomic_support.obj
 0001:0001968c       ___TBB_machine_cmpswp1     1001a68c     atomic_support.obj
 0001:000196a0       ___TBB_machine_fetchadd2   1001a6a0     atomic_support.obj
 0001:000196b0       ___TBB_machine_fetchstore2 1001a6b0     atomic_support.obj
 0001:000196c0       ___TBB_machine_cmpswp2     1001a6c0     atomic_support.obj
 0001:000196d4       ___TBB_machine_fetchadd4   1001a6d4     atomic_support.obj
 0001:000196e4       ___TBB_machine_fetchstore4 1001a6e4     atomic_support.obj
 0001:000196f0       ___TBB_machine_cmpswp4     1001a6f0     atomic_support.obj
 0001:00019704       ___TBB_machine_fetchadd8   1001a704     atomic_support.obj
 0001:00019724       ___TBB_machine_fetchstore8 1001a724     atomic_support.obj
 0001:00019740       ___TBB_machine_cmpswp8     1001a740     atomic_support.obj
 0001:00019760       ___TBB_machine_load8       1001a760     atomic_support.obj
 0001:00019794       ___TBB_machine_store8      1001a794     atomic_support.obj
 0001:000197b0       ___TBB_machine_try_lock_elided 1001a7b0     itsx.obj
 0001:000197c0       ___TBB_machine_unlock_elided 1001a7c0     itsx.obj
 0001:000197cc       ___TBB_machine_begin_transaction 1001a7cc     itsx.obj
 0001:000197d8       ___TBB_machine_end_transaction 1001a7d8     itsx.obj
 0001:000197dc       ___TBB_machine_transaction_conflict_abort 1001a7dc     itsx.obj
 0001:000197e0       ___TBB_machine_is_in_transaction 1001a7e0     itsx.obj
 0001:000197f0       ___TBB_machine_trylockbyte 1001a7f0     lock_byte.obj
 0001:0001980b       ?_Syserror_map@std@@YAPBDH@Z 1001a80b f   libcpmt:syserror.obj
 0001:00019835       ?_Winerror_map@std@@YAPBDH@Z 1001a835 f   libcpmt:syserror.obj
 0001:0001985f       ?_Xlength_error@std@@YAXPBD@Z 1001a85f f   libcpmt:xthrow.obj
 0001:0001988d       ?_Xout_of_range@std@@YAXPBD@Z 1001a88d f   libcpmt:xthrow.obj
 0001:000198bb       ??_U@YAPAXI@Z              1001a8bb f   libcpmt:newaop.obj
 0001:000198c4       @__security_check_cookie@4 1001a8c4 f   LIBCMT:secchk.obj
 0001:000198e0       _memmove                   1001a8e0 f   LIBCMT:memmove.obj
 0001:00019f24       ___onexitinit              1001af24 f   LIBCMT:onexit.obj
 0001:00019f53       __onexit                   1001af53 f   LIBCMT:onexit.obj
 0001:0001a04f       _atexit                    1001b04f f   LIBCMT:onexit.obj
 0001:0001a064       __purecall                 1001b064 f   LIBCMT:purevirt.obj
 0001:0001a086       ??3@YAXPAX@Z               1001b086 f   LIBCMT:delete.obj
 0001:0001a08b       ??1type_info@@UAE@XZ       1001b08b f   LIBCMT:typinfo.obj
 0001:0001a099       ??8type_info@@QBE_NABV0@@Z 1001b099 f   LIBCMT:typinfo.obj
 0001:0001a0b7       ??_Etype_info@@UAEPAXI@Z   1001b0b7 f i LIBCMT:typinfo.obj
 0001:0001a0b7       ??_Gtype_info@@UAEPAXI@Z   1001b0b7 f i LIBCMT:typinfo.obj
 0001:0001a0d6       ?name@type_info@@QBEPBDPAU__type_info_node@@@Z 1001b0d6 f   LIBCMT:typinfo.obj
 0001:0001a0e8       ??2@YAPAXI@Z               1001b0e8 f   LIBCMT:new.obj
 0001:0001a140       _strncpy                   1001b140 f   LIBCMT:strncpy.obj
 0001:0001a270       _strrchr                   1001b270 f   LIBCMT:strrchr.obj
 0001:0001a3a7       _malloc                    1001b3a7 f   LIBCMT:malloc.obj
 0001:0001a439       __strdup                   1001b439 f   LIBCMT:strdup.obj
 0001:0001a489       ___raise_securityfailure   1001b489 f   LIBCMT:gs_report.obj
 0001:0001a4c6       ___report_gsfailure        1001b4c6 f   LIBCMT:gs_report.obj
 0001:0001a5c1       ___report_rangecheckfailure 1001b5c1 f   LIBCMT:gs_report.obj
 0001:0001a5cd       ___report_securityfailure  1001b5cd f   LIBCMT:gs_report.obj
 0001:0001a69d       _strncpy_s                 1001b69d f   LIBCMT:strncpy_s.obj
 0001:0001a741       __wcsdup                   1001b741 f   LIBCMT:wcsdup.obj
 0001:0001a794       _free                      1001b794 f   LIBCMT:free.obj
 0001:0001a7cc       ___doserrno                1001b7cc f   LIBCMT:dosmap.obj
 0001:0001a7df       __dosmaperr                1001b7df f   LIBCMT:dosmap.obj
 0001:0001a800       __errno                    1001b800 f   LIBCMT:dosmap.obj
 0001:0001a813       __get_errno_from_oserr     1001b813 f   LIBCMT:dosmap.obj
 0001:0001a854       __beginthreadex            1001b854 f   LIBCMT:threadex.obj
 0001:0001a92e       __endthreadex              1001b92e f   LIBCMT:threadex.obj
 0001:0001aa81       ___initstdio               1001ba81 f   LIBCMT:_file.obj
 0001:0001aaf4       ___endstdio                1001baf4 f   LIBCMT:_file.obj
 0001:0001ab1b       ___iob_func                1001bb1b f   LIBCMT:_file.obj
 0001:0001ab21       __lock_file                1001bb21 f   LIBCMT:_file.obj
 0001:0001ab60       __lock_file2               1001bb60 f   LIBCMT:_file.obj
 0001:0001ab90       __unlock_file              1001bb90 f   LIBCMT:_file.obj
 0001:0001abca       __unlock_file2             1001bbca f   LIBCMT:_file.obj
 0001:0001abf7       _fprintf                   1001bbf7 f   LIBCMT:fprintf.obj
 0001:0001ad09       ___crtCorExitProcess       1001bd09 f   LIBCMT:crt0dat.obj
 0001:0001ad3d       ___crtExitProcess          1001bd3d f   LIBCMT:crt0dat.obj
 0001:0001ad53       ___freeCrtMemory           1001bd53 f   LIBCMT:crt0dat.obj
 0001:0001ae60       __amsg_exit                1001be60 f   LIBCMT:crt0dat.obj
 0001:0001ae7c       __cexit                    1001be7c f   LIBCMT:crt0dat.obj
 0001:0001ae8b       __cinit                    1001be8b f   LIBCMT:crt0dat.obj
 0001:0001af0f       __exit                     1001bf0f f   LIBCMT:crt0dat.obj
 0001:0001af23       __init_pointers            1001bf23 f   LIBCMT:crt0dat.obj
[...]
 0002:0000db9f       $N00139                    1003fb9f     tbb.exp
 0002:0000dbd4       $N00140                    1003fbd4     tbb.exp
 0002:0000dc2b       $N00141                    1003fc2b     tbb.exp
 0002:0000dc63       $N00142                    1003fc63     tbb.exp
 0002:0000dc99       $N00143                    1003fc99     tbb.exp
 0002:0000dcd1       $N00144                    1003fcd1     tbb.exp
 0002:0000dd07       $N00145                    1003fd07     tbb.exp
 0002:0000dd48       $N00146                    1003fd48     tbb.exp
 0002:0000dd8c       $N00147                    1003fd8c     tbb.exp
 0002:0000dde5       $N00148                    1003fde5     tbb.exp
 0002:0000de29       $N00149                    1003fe29     tbb.exp
 0002:0000de70       $N00150                    1003fe70     tbb.exp
 0002:0000de9a       $N00151                    1003fe9a     tbb.exp
 0002:0000ded4       $N00152                    1003fed4     tbb.exp
 0002:0000df11       $N00153                    1003ff11     tbb.exp
 0002:0000df4e       $N00154                    1003ff4e     tbb.exp
 0002:0000df93       $N00155                    1003ff93     tbb.exp
 0002:0000dfd7       $N00156                    1003ffd7     tbb.exp
 0002:0000e01f       $N00157                    1004001f     tbb.exp
 0002:0000e069       $N00158                    10040069     tbb.exp
 0002:0000e0a4       $N00159                    100400a4     tbb.exp
 0002:0000e0e9       $N00160                    100400e9     tbb.exp
 0002:0000e129       $N00161                    10040129     tbb.exp
 0002:0000e166       $N00162                    10040166     tbb.exp
 0002:0000e1a1       $N00163                    100401a1     tbb.exp
 0002:0000e1de       $N00164                    100401de     tbb.exp
 0002:0000e219       $N00165                    10040219     tbb.exp
 0002:0000e27c       $N00166                    1004027c     tbb.exp
 0002:0000e2ae       $N00167                    100402ae     tbb.exp
 0002:0000e2de       $N00168                    100402de     tbb.exp
 0002:0000e336       $N00169                    10040336     tbb.exp
 0002:0000e375       $N00170                    10040375     tbb.exp
 0002:0000e3b3       $N00171                    100403b3     tbb.exp
 0002:0000e3db       $N00172                    100403db     tbb.exp
 0002:0000e409       $N00173                    10040409     tbb.exp
 0002:0000e454       $N00174                    10040454     tbb.exp
 0002:0000e482       $N00175                    10040482     tbb.exp
 0002:0000e4bd       $N00176                    100404bd     tbb.exp
 0002:0000e4ee       $N00177                    100404ee     tbb.exp
 0002:0000e529       $N00178                    10040529     tbb.exp
 0002:0000e552       $N00179                    10040552     tbb.exp
 0002:0000e582       $N00180                    10040582     tbb.exp
 0002:0000e5b7       $N00181                    100405b7     tbb.exp
 0002:0000e5e1       $N00182                    100405e1     tbb.exp
 0002:0000e624       $N00183                    10040624     tbb.exp
 0002:0000e656       $N00184                    10040656     tbb.exp
 0002:0000e67d       $N00185                    1004067d     tbb.exp
 0002:0000e69e       $N00186                    1004069e     tbb.exp
 0002:0000e6d9       $N00187                    100406d9     tbb.exp
 0002:0000e712       $N00188                    10040712     tbb.exp
 0002:0000e752       $N00189                    10040752     tbb.exp
 0002:0000e78d       $N00190                    1004078d     tbb.exp
 0002:0000e7bc       $N00191                    100407bc     tbb.exp
 0002:0000e7ee       $N00192                    100407ee     tbb.exp
 0002:0000e814       $N00193                    10040814     tbb.exp
 0002:0000e84f       $N00194                    1004084f     tbb.exp
 0002:0000e86a       $N00195                    1004086a     tbb.exp
 0002:0000e89d       $N00196                    1004089d     tbb.exp
 0002:0000e8c5       $N00197                    100408c5     tbb.exp
 0002:0000e8e0       $N00198                    100408e0     tbb.exp
 0002:0000e908       $N00199                    10040908     tbb.exp
 0002:0000e93f       $N00200                    1004093f     tbb.exp
 0002:0000e964       $N00201                    10040964     tbb.exp
 0002:0000e9a0       $N00202                    100409a0     tbb.exp
 0002:0000e9d8       $N00203                    100409d8     tbb.exp
 0002:0000ea03       $N00204                    10040a03     tbb.exp
 0002:0000ea3f       $N00205                    10040a3f     tbb.exp
 0002:0000ea7f       $N00206                    10040a7f     tbb.exp
 0002:0000eaa4       $N00207                    10040aa4     tbb.exp
 0002:0000eadb       $N00208                    10040adb     tbb.exp
 0002:0000eb15       $N00209                    10040b15     tbb.exp
 0002:0000eb4f       $N00210                    10040b4f     tbb.exp
 0002:0000eb8e       $N00211                    10040b8e     tbb.exp
 0002:0000ebc3       $N00212                    10040bc3     tbb.exp
 0002:0000ebfd       $N00213                    10040bfd     tbb.exp
 0002:0000ec41       $N00214                    10040c41     tbb.exp
 0002:0000ec73       $N00215                    10040c73     tbb.exp
 0002:0000ecb0       $N00216                    10040cb0     tbb.exp
 0002:0000ecd3       $N00217                    10040cd3     tbb.exp
 0002:0000ecfa       $N00218                    10040cfa     tbb.exp
 0002:0000ed1c       $N00219                    10040d1c     tbb.exp
 0002:0000ed4c       $N00220                    10040d4c     tbb.exp
 0002:0000ed6d       $N00221                    10040d6d     tbb.exp
 0002:0000ed8c       $N00222                    10040d8c     tbb.exp
 0002:0000edaa       $N00223                    10040daa     tbb.exp
 0002:0000edc0       $N00224                    10040dc0     tbb.exp
 0002:0000edd8       $N00225                    10040dd8     tbb.exp
 0002:0000edf2       $N00226                    10040df2     tbb.exp
 0002:0000ee12       $N00227                    10040e12     tbb.exp
 0002:0000ee26       $N00228                    10040e26     tbb.exp
 0002:0000ee3b       $N00229                    10040e3b     tbb.exp
 0002:0000ee59       $N00230                    10040e59     tbb.exp
 0002:0000ee73       $N00231                    10040e73     tbb.exp
 0002:0000f2f6       .idata$6                   100412f6     kernel32:KERNEL32.dll
 0003:00000000       _errtable                  10042000     LIBCMT:dosmap.obj
 0003:00000168       _ErrnoNoMem                10042168     LIBCMT:dosmap.obj
 0003:0000016c       _DoserrorNoMem             1004216c     LIBCMT:dosmap.obj
 0003:00000420       _NAME_                     10042420     LIBCMT:sqrt.obj
 0003:00000450       ?_names@?1??_get_fname@@9@9 10042450     LIBCMT:fpexcept.obj
 0003:00000538       _over                      10042538     LIBCMT:fpctrl.obj
 0003:00000544       _under                     10042544     LIBCMT:fpctrl.obj
 0003:00000550       ?__DAZ_ENABLED@?1??__set_fpsr_sse2@@9@9 10042550     LIBCMT:fpctrl.obj
 0003:00000560       ?isPackaged@?1??__crtIsPackagedApp@@9@9 10042560     LIBCMT:winapisupp.obj
 0003:00000568       __locktable                10042568     LIBCMT:mlock.obj
 0003:00000b20       ___rgctypeflag             10042b20     LIBCMT:mbctype.obj
 0003:00000b28       ___rgcode_page_info        10042b28     LIBCMT:mbctype.obj
 0003:00000ee8       __ctype_loc_style          10042ee8     LIBCMT:wsetloca.obj
 0003:00000eec       _DoubleFormat              10042eec     LIBCMT:intrncvt.obj
 0003:00000f04       _FloatFormat               10042f04     LIBCMT:intrncvt.obj
 0003:000011e8       ?dummy@?1??make_invalid@micro_queue@internal@tbb@@QAEXI@Z@4Upage@concurrent_queue_base_v3@34@A 100431e8     concurrent_queue.obj
 0003:00001390       _group_list                10043390     itt_notify.obj
 0003:00001410       _api_list                  10043410     itt_notify.obj
 0003:00002100       _group_alias               10044100     itt_notify.obj
 0003:000021a0       _MallocHandler             100441a0     cache_aligned_allocator.obj
 0003:000021a4       _FreeHandler               100441a4     cache_aligned_allocator.obj
 0003:000021a8       _padded_allocate_handler   100441a8     cache_aligned_allocator.obj
 0003:000021ac       _padded_free_handler       100441ac     cache_aligned_allocator.obj
 0003:000021b0       ___TBB_condvar_notify_one  100441b0     condition_variable.obj
 0003:000021b4       ___TBB_condvar_notify_all  100441b4     condition_variable.obj
 0003:000021b8       ___TBB_condvar_wait        100441b8     condition_variable.obj
 0003:000021bc       ___TBB_destroy_condvar     100441bc     condition_variable.obj
 0003:000021c0       ___TBB_init_condvar        100441c0     condition_variable.obj
 0003:000021c8       _the_dummy_context         100441c8     scheduler.obj
 0003:000022c8       _stack_size_ctl            100442c8     tbb_main.obj
 0003:00002348       _allowed_parallelism_ctl   10044348     tbb_main.obj
 0003:000023c8       ?env_value@?1??__itt_get_env_var@@YAPBDPBD@Z@4PADA 100443c8     itt_notify.obj
 0003:00002fa0       _allocator_arg             10044fa0     libcpmt:syserror.obj
 0003:00002fa1       _piecewise_construct       10044fa1     libcpmt:syserror.obj
 0003:00002fa2       __Tuple_alloc              10044fa2     libcpmt:xthrow.obj
 0003:00002fa3       _ignore                    10044fa3     libcpmt:xthrow.obj
 0003:00002fa4       _allocator_arg             10044fa4     libcpmt:xthrow.obj
 0003:00002fa5       _piecewise_construct       10044fa5     libcpmt:xthrow.obj
 0003:00002fa8       _GS_ExceptionRecord        10044fa8     LIBCMT:gs_report.obj
 0003:00002ff8       _GS_ContextRecord          10044ff8     LIBCMT:gs_report.obj
 0003:000032c4       _DebuggerWasPresent        100452c4     LIBCMT:gs_report.obj
 0003:000032c8       ?s_roinit@?1??_initMTAoncurrentthread@@9@9 100452c8     LIBCMT:threadex.obj
 0003:000032cc       ?s_initialized@?1??_initMTAoncurrentthread@@9@9 100452cc     LIBCMT:threadex.obj
 0003:000032d0       ?s_rouninit@?1??_uninitMTAoncurrentthread@@9@9 100452d0     LIBCMT:threadex.obj
 0003:000032d4       ?s_initialized@?1??_uninitMTAoncurrentthread@@9@9 100452d4     LIBCMT:threadex.obj
 0003:00003318       _allocator_arg             10045318     LIBCMT:excptptr.obj
 0003:00003319       _piecewise_construct       10045319     LIBCMT:excptptr.obj
 0003:00003324       ___proc_attached           10045324     LIBCMT:dllcrt0.obj
 0003:00003344       ___type_info_root_node     10045344     LIBCMT:typname.obj
 0003:00003358       ?outmsg@?9??_NMSG_WRITE@@9@9 10045358     LIBCMT:crt0msg.obj
 0003:00003990       _lclcritsects              10045990     LIBCMT:mlock.obj
 0003:00003bec       _ctrlc_action              10045bec     LIBCMT:winsig.obj
 0003:00003bf0       _ctrlbreak_action          10045bf0     LIBCMT:winsig.obj
 0003:00003bf4       _abort_action              10045bf4     LIBCMT:winsig.obj
 0003:00003bf8       _term_action               10045bf8     LIBCMT:winsig.obj
 0003:00003bfc       _ConsoleCtrlHandler_Installed 10045bfc     LIBCMT:winsig.obj
 0003:00003c00       _g_pfnRtlGenRandom         10045c00     LIBCMT:rand_s.obj
 0003:00003c1c       _fSystemSet                10045c1c     LIBCMT:mbctype.obj
 0003:00003c28       ?_pgmname@?1??_setargv@@9@9 10045c28     LIBCMT:stdargv.obj
 0003:00003d30       ___crtCallProc             10045d30     LIBCMT:winapinls.obj
 0003:00003d5c       _heap                      10045d5c     LIBCMT:undname.obj
 0003:00003da8       ?pfnMessageBox@?1??__crtMessageBoxW@@9@9 10045da8     LIBCMT:crtmboxw.obj
 0003:00003dac       ?pfnGetActiveWindow@?1??__crtMessageBoxW@@9@9 10045dac     LIBCMT:crtmboxw.obj
 0003:00003db0       ?pfnGetLastActivePopup@?1??__crtMessageBoxW@@9@9 10045db0     LIBCMT:crtmboxw.obj
 0003:00003db4       ?pfnGetProcessWindowStation@?1??__crtMessageBoxW@@9@9 10045db4     LIBCMT:crtmboxw.obj
 0003:00003db8       ?pfnGetUserObjectInformation@?1??__crtMessageBoxW@@9@9 10045db8     LIBCMT:crtmboxw.obj
 0003:00003dbc       ___enable_percent_n        10045dbc     LIBCMT:printf.obj
 0003:00003df8       _PrintVersionFlag          10045df8     tbb_misc.obj
 0003:00003dfc       _TBB_SetThreadGroupAffinity 10045dfc     tbb_misc_ex.obj
 0003:00003e00       _TBB_GetActiveProcessorGroupCount 10045e00     tbb_misc_ex.obj
 0003:00003e08       _TBB_GetThreadGroupAffinity 10045e08     tbb_misc_ex.obj
 0003:00003e0c       _TBB_GetActiveProcessorCount 10045e0c     tbb_misc_ex.obj
 0003:00004110       _watch_stack_handler       10046110     governor.obj
 0003:00004144       _allocator_arg             10046144     concurrent_hash_map.obj
 0003:00004145       _piecewise_construct       10046145     concurrent_hash_map.obj
 0003:00004146       _allocator_arg             10046146     concurrent_queue.obj
 0003:00004147       _piecewise_construct       10046147     concurrent_queue.obj
 0003:00004148       _allocator_arg             10046148     concurrent_vector.obj
 0003:00004149       _piecewise_construct       10046149     concurrent_vector.obj
 0003:0000414a       _static_init_dl_data       1004614a     dynamic_link.obj
 0003:0000414b       _allocator_arg             1004614b     dynamic_link.obj
 0003:0000414c       _piecewise_construct       1004614c     dynamic_link.obj
 0003:0000414d       _allocator_arg             1004614d     itt_notify.obj
 0003:0000414e       _piecewise_construct       1004614e     itt_notify.obj
 0003:0000414f       _allocator_arg             1004614f     cache_aligned_allocator.obj
 0003:00004150       _piecewise_construct       10046150     cache_aligned_allocator.obj
 0003:00004151       _allocator_arg             10046151     pipeline.obj
 0003:00004152       _piecewise_construct       10046152     pipeline.obj
 0003:00004153       _allocator_arg             10046153     queuing_mutex.obj
 0003:00004154       _piecewise_construct       10046154     queuing_mutex.obj
 0003:00004155       _allocator_arg             10046155     queuing_rw_mutex.obj
 0003:00004156       _piecewise_construct       10046156     queuing_rw_mutex.obj
 0003:00004157       _allocator_arg             10046157     reader_writer_lock.obj
 0003:00004158       _piecewise_construct       10046158     reader_writer_lock.obj
 0003:00004159       _allocator_arg             10046159     spin_rw_mutex.obj
 0003:0000415a       _piecewise_construct       1004615a     spin_rw_mutex.obj
 0003:0000415b       _allocator_arg             1004615b     x86_rtm_rw_mutex.obj
 0003:0000415c       _piecewise_construct       1004615c     x86_rtm_rw_mutex.obj
 0003:0000415d       _allocator_arg             1004615d     spin_mutex.obj
 0003:0000415e       _piecewise_construct       1004615e     spin_mutex.obj
 0003:0000415f       _allocator_arg             1004615f     critical_section.obj
 0003:00004160       _piecewise_construct       10046160     critical_section.obj
 0003:00004161       _allocator_arg             10046161     mutex.obj
 0003:00004162       _piecewise_construct       10046162     mutex.obj
 0003:00004163       _allocator_arg             10046163     recursive_mutex.obj
 0003:00004164       _piecewise_construct       10046164     recursive_mutex.obj
 0003:00004165       _allocator_arg             10046165     condition_variable.obj
 0003:00004166       _piecewise_construct       10046166     condition_variable.obj
 0003:00004167       _allocator_arg             10046167     tbb_thread.obj
 0003:00004168       _piecewise_construct       10046168     tbb_thread.obj
 0003:00004169       _allocator_arg             10046169     concurrent_monitor.obj
 0003:0000416a       _piecewise_construct       1004616a     concurrent_monitor.obj
 0003:0000416b       _allocator_arg             1004616b     semaphore.obj
 0003:0000416c       _piecewise_construct       1004616c     semaphore.obj
 0003:0000416d       _allocator_arg             1004616d     private_server.obj
 0003:0000416e       _piecewise_construct       1004616e     private_server.obj
 0003:0000416f       _allocator_arg             1004616f     rml_tbb.obj
 0003:00004170       _piecewise_construct       10046170     rml_tbb.obj
 0003:00004171       _allocator_arg             10046171     tbb_misc.obj
 0003:00004172       _piecewise_construct       10046172     tbb_misc.obj
 0003:00004173       _allocator_arg             10046173     tbb_misc_ex.obj
 0003:00004174       _piecewise_construct       10046174     tbb_misc_ex.obj
 0003:00004175       _allocator_arg             10046175     task.obj
 0003:00004176       _piecewise_construct       10046176     task.obj
 0003:00004177       _allocator_arg             10046177     task_group_context.obj
 0003:00004178       _piecewise_construct       10046178     task_group_context.obj
 0003:00004179       _allocator_arg             10046179     governor.obj
 0003:0000417a       _piecewise_construct       1004617a     governor.obj
 0003:0000417b       _allocator_arg             1004617b     market.obj
 0003:0000417c       _piecewise_construct       1004617c     market.obj
 0003:0000417d       __Tuple_alloc              1004617d     arena.obj
 0003:0000417e       _ignore                    1004617e     arena.obj
 0003:0000417f       _allocator_arg             1004617f     arena.obj
 0003:00004180       _piecewise_construct       10046180     arena.obj
 0003:00004182       _allocator_arg             10046182     scheduler.obj
 0003:00004183       _piecewise_construct       10046183     scheduler.obj
 0003:00004184       _allocator_arg             10046184     observer_proxy.obj
 0003:00004185       _piecewise_construct       10046185     observer_proxy.obj
 0003:00004186       _allocator_arg             10046186     tbb_statistics.obj
 0003:00004187       _piecewise_construct       10046187     tbb_statistics.obj
 0003:00004209       _allocator_arg             10046209     tbb_main.obj
 0003:0000420a       _piecewise_construct       1004620a     tbb_main.obj
 0003:0000420b       _allocator_arg             1004620b     concurrent_vector_v2.obj
 0003:0000420c       _piecewise_construct       1004620c     concurrent_vector_v2.obj
 0003:0000420d       _allocator_arg             1004620d     concurrent_queue_v2.obj
 0003:0000420e       _piecewise_construct       1004620e     concurrent_queue_v2.obj
 0003:0000420f       _allocator_arg             1004620f     spin_rw_mutex_v2.obj
 0003:00004210       _piecewise_construct       10046210     spin_rw_mutex_v2.obj
 0003:00004211       _allocator_arg             10046211     task_v2.obj
 0003:00004212       _piecewise_construct       10046212     task_v2.obj
 0003:00004213       _ITT_Present               10046213     tbb_main.obj
 0003:00004214       _static_invalid_page       10046214     concurrent_queue.obj
 0003:00004218       _ap_data                   10046218     dynamic_link.obj
 0003:00004324       _initialization_state      10046324     cache_aligned_allocator.obj
 0003:00004328       _condvar_api_state         10046328     condition_variable.obj
 0003:0000432c       _assertion_handler         1004632c     tbb_misc.obj
 0003:00004330       _hardware_concurrency_info 10046330     tbb_misc_ex.obj
 0003:00004334       _cilkrts_load_state        10046334     governor.obj
 0003:00004338       _ITT_InitializationDone    10046338     tbb_main.obj
 0003:00004340       ?env_buff@?1??__itt_get_env_var@@YAPBDPBD@Z@4PADA 10046340     itt_notify.obj
 0003:00005338       ?current_thread@?1??__itt_fini_ittlib@@9@4KC 10047338     itt_notify.obj
 0003:0000533c       ?current_thread@?1??__itt_init_ittlib@@9@4KC 1004733c     itt_notify.obj
 0003:00005350       ?already_failed@?6??assertion_failure@tbb@@YAXPBDH00@Z@4_NA 10047350     tbb_misc.obj
 0004:000000a0       $R000000                   100490a0     tbb_resource.res
 0004:00000480       $R0003E0                   10049480     tbb_resource.res
